<?xml version="1.0" encoding="UTF-8"?>
<testsuites tests="255" failures="23" errors="0" time="601.814646">
	<testsuite tests="0" failures="0" time="0.273000" name="github.com/Apollogeddon/distribyted/cmd/distribyted" timestamp="2026-10-09T07:16:29Z">
		<properties>
			<property name="go.version" value="go1.27.0 linux/amd64"></property>
		</properties>
	</testsuite>
	<testsuite tests="0" failures="0" time="0.281000" name="github.com/Apollogeddon/distribyted/cmd/probe" timestamp="2026-10-09T07:16:29Z">
		<properties>
			<property name="go.version" value="go1.27.0 linux/amd64"></property>
		</properties>
	</testsuite>
	<testsuite tests="8" failures="0" time="1.018000" name="github.com/Apollogeddon/distribyted/internal/auth" timestamp="2026-10-09T07:16:30Z">
		<properties>
			<property name="go.version" value="go1.27.0 linux/amd64"></property>
		</properties>
		<testcase classname="github.com/Apollogeddon/distribyted/internal/auth" name="TestCredentialsMatch/correct_pair" time="0.000000"></testcase>
		<testcase classname="github.com/Apollogeddon/distribyted/internal/auth" name="TestCredentialsMatch/wrong_user" time="0.000000"></testcase>
		<testcase classname="github.com/Apollogeddon/distribyted/internal/auth" name="TestCredentialsMatch/wrong_pass" time="0.000000"></testcase>
		<testcase classname="github.com/Apollogeddon/distribyted/internal/auth" name="TestCredentialsMatch/both_configured_empty" time="0.000000"></testcase>
		<testcase classname="github.com/Apollogeddon/distribyted/internal/auth" name="TestCredentialsMatch/empty_presented_vs_configured" time="0.000000"></testcase>
		<testcase classname="github.com/Apollogeddon/distribyted/internal/auth" name="TestCredentialsMatch/configured_empty,_presented_non-empty" time="0.000000"></testcase>
		<testcase classname="github.com/Apollogeddon/distribyted/internal/auth" name="TestCredentialsMatch/differing_lengths" time="0.000000"></testcase>
		<testcase classname="github.com/Apollogeddon/distribyted/internal/auth" name="TestCredentialsMatch" time="0.000000"></testcase>
	</testsuite>
	<testsuite tests="16" failures="0" time="1.038000" name="github.com/Apollogeddon/distribyted/internal/config" timestamp="2026-10-09T07:16:30Z">
		<properties>
			<property name="go.version" value="go1.27.0 linux/amd64"></property>
		</properties>
		<testcase classname="github.com/Apollogeddon/distribyted/internal/config" name="TestDefaults" time="0.000000"></testcase>
		<testcase classname="github.com/Apollogeddon/distribyted/internal/config" name="TestValidate_NilSections" time="0.000000"></testcase>
		<testcase classname="github.com/Apollogeddon/distribyted/internal/config" name="TestValidate_TemplateConfig" time="0.000000"></testcase>
		<testcase classname="github.com/Apollogeddon/distribyted/internal/config" name="TestValidate_WebDAVWithCredentials" time="0.000000"></testcase>
		<testcase classname="github.com/Apollogeddon/distribyted/internal/config" name="TestValidate_HTTPWithCredentials" time="0.000000"></testcase>
		<testcase classname="github.com/Apollogeddon/distribyted/internal/config" name="TestValidate_HTTPAuthExplicitlyDisabled" time="0.000000"></testcase>
		<testcase classname="github.com/Apollogeddon/distribyted/internal/config" name="TestValidate_WebDAVMissingCredentials" time="0.000000"></testcase>
		<testcase classname="github.com/Apollogeddon/distribyted/internal/config" name="TestValidate_HTTPMissingCredentials" time="0.000000"></testcase>
		<testcase classname="github.com/Apollogeddon/distribyted/internal/config" name="TestNewHandler" time="0.000000"></testcase>
		<testcase classname="github.com/Apollogeddon/distribyted/internal/config" name="TestHandlerGet_InvalidYAML" time="0.000000"></testcase>
		<testcase classname="github.com/Apollogeddon/distribyted/internal/config" name="TestHandlerGetRaw_FileExists" time="0.000000"></testcase>
		<testcase classname="github.com/Apollogeddon/distribyted/internal/config" name="TestHandlerGetRaw_DirError" time="0.000000"></testcase>
		<testcase classname="github.com/Apollogeddon/distribyted/internal/config" name="TestTemplateConfig" time="0.000000"></testcase>
		<testcase classname="github.com/Apollogeddon/distribyted/internal/config" name="TestHandlerGet_RawError" time="0.010000"></testcase>
		<testcase classname="github.com/Apollogeddon/distribyted/internal/config" name="TestHandlerGetRaw_FileNotExists" time="0.010000"></testcase>
		<testcase classname="github.com/Apollogeddon/distribyted/internal/config" name="TestHandlerGet" time="0.010000"></testcase>
	</testsuite>
	<testsuite tests="44" failures="22" time="600.058000" name="github.com/Apollogeddon/distribyted/internal/fs" timestamp="2026-10-09T07:16:31Z">
		<properties>
			<property name="go.version" value="go1.27.0 linux/amd64"></property>
		</properties>
		<testcase classname="" name="TestMain" time="0.000000">
			<failure message="Failed" type="">panic: test timed out after 10m0s&#xA;&#x9;running tests:&#xA;&#x9;&#x9;TestTorrentFilesystem (9m59s)&#xA;&#xA;goroutine 609 [running]:&#xA;testing.(*M).startAlarm.func1()&#xA;&#x9;/root/go/pkg/mod/golang.org/toolchain@v0.0.1-go1.27.0.linux-amd64/src/testing/testing.go:2959 +0x605&#xA;created by time.goFunc&#xA;&#x9;/root/go/pkg/mod/golang.org/toolchain@v0.0.1-go1.27.0.linux-amd64/src/time/sleep.go:182 +0x45&#xA;&#xA;goroutine 1 [chan receive, 9 minutes]:&#xA;testing.(*T).Run(0xc000330008, {0x184f0ad, 0x15}, 0x25efbd8)&#xA;&#x9;/root/go/pkg/mod/golang.org/toolchain@v0.0.1-go1.27.0.linux-amd64/src/testing/testing.go:2266 +0xb3e&#xA;testing.runTests.func1(0xc000330008)&#xA;&#x9;/root/go/pkg/mod/golang.org/toolchain@v0.0.1-go1.27.0.linux-amd64/src/testing/testing.go:2742 +0x85&#xA;testing.tRunner(0xc000330008, 0xc0000559c8)&#xA;&#x9;/root/go/pkg/mod/golang.org/toolchain@v0.0.1-go1.27.0.linux-amd64/src/testing/testing.go:2193 +0x21d&#xA;testing.runTests({0x1864411, 0x23}, {0x18732f7, 0x2f}, 0xc0001b4f30, {0x2644408, 0x41, 0x41}, {0xc2aa43a9e51819fb, 0x8bb3df73fd, ...})&#xA;&#x9;/root/go/pkg/mod/golang.org/toolchain@v0.0.1-go1.27.0.linux-amd64/src/testing/testing.go:2740 +0x9ea&#xA;testing.(*M).Run(0xc000313220)&#xA;&#x9;/root/go/pkg/mod/golang.org/toolchain@v0.0.1-go1.27.0.linux-amd64/src/testing/testing.go:2600 +0xf45&#xA;github.com/Apollogeddon/distribyted/internal/fs.TestMain(0xc000313220)&#xA;&#x9;/home/user/distribyted/internal/fs/torrent_test.go:44 +0x165&#xA;main.main()&#xA;&#x9;_testmain.go:192 +0x172&#xA;&#xA;goroutine 21 [select, 9 minutes]:&#xA;github.com/anacrolix/torrent.(*Client).acceptLimitClearer(0xc000318008)&#xA;&#x9;/root/go/pkg/mod/github.com/anacrolix/torrent@v1.61.0/client.go:1905 +0xe6&#xA;created by github.com/anacrolix/torrent.(*Client).init in goroutine 1&#xA;&#x9;/root/go/pkg/mod/github.com/anacrolix/torrent@v1.61.0/client.go:300 +0xdf3&#xA;&#xA;goroutine 15 [chan receive, 9 minutes]:&#xA;testing.(*T).Parallel(0xc000331688)&#xA;&#x9;/root/go/pkg/mod/golang.org/toolchain@v0.0.1-go1.27.0.linux-amd64/src/testing/testing.go:1957 +0x50c&#xA;github.com/Apollogeddon/distribyted/internal/fs.TestContainer_Mkdir_CallbackReentry(0xc000331688)&#xA;&#x9;/home/user/distribyted/internal/fs/container_test.go:278 +0x3c&#xA;testing.tRunner(0xc000331688, 0x25efa70)&#xA;&#x9;/root/go/pkg/mod/golang.org/toolchain@v0.0.1-go1.27.0.linux-amd64/src/testing/testing.go:2193 +0x21d&#xA;created by testing.(*T).Run in goroutine 1&#xA;&#x9;/root/go/pkg/mod/golang.org/toolchain@v0.0.1-go1.27.0.linux-amd64/src/testing/testing.go:2258 +0xb13&#xA;&#xA;goroutine 22 [IO wait, 9 minutes]:&#xA;internal/poll.runtime_pollWait(0x7f7a9d1f9200, 0x72)&#xA;&#x9;/root/go/pkg/mod/golang.org/toolchain@v0.0.1-go1.27.0.linux-amd64/src/runtime/netpoll.go:351 +0x85&#xA;internal/poll.(*pollDesc).wait(0xc00030e620, 0x72, 0x0)&#xA;&#x9;/root/go/pkg/mod/golang.org/toolchain@v0.0.1-go1.27.0.linux-amd64/src/internal/poll/fd_poll_runtime.go:84 +0xb1&#xA;internal/poll.(*pollDesc).waitRead(...)&#xA;&#x9;/root/go/pkg/mod/golang.org/toolchain@v0.0.1-go1.27.0.linux-amd64/src/internal/poll/fd_poll_runtime.go:89&#xA;internal/poll.(*FD).Accept(0xc00030e600)&#xA;&#x9;/root/go/pkg/mod/golang.org/toolchain@v0.0.1-go1.27.0.linux-amd64/src/internal/poll/fd_unix.go:618 +0x4ea&#xA;net.(*netFD).accept(0xc00030e600)&#xA;&#x9;/root/go/pkg/mod/golang.org/toolchain@v0.0.1-go1.27.0.linux-amd64/src/net/fd_unix.go:149 +0x45&#xA;net.(*TCPListener).accept(0xc000316800)&#xA;&#x9;/root/go/pkg/mod/golang.org/toolchain@v0.0.1-go1.27.0.linux-amd64/src/net/tcpsock_posix.go:159 +0x4e&#xA;net.(*TCPListener).Accept(0xc000316800)&#xA;&#x9;/root/go/pkg/mod/golang.org/toolchain@v0.0.1-go1.27.0.linux-amd64/src/net/tcpsock.go:387 +0x65&#xA;github.com/anacrolix/torrent.(*Client).acceptConnections(0xc000318008, {0x7f7a9d1fae28, 0xc000305b90})&#xA;&#x9;/root/go/pkg/mod/github.com/anacrolix/torrent@v1.61.0/client.go:611 +0x5b&#xA;created by github.com/anacrolix/torrent.NewClient in goroutine 1&#xA;&#x9;/root/go/pkg/mod/github.com/anacrolix/torrent@v1.61.0/client.go:409 +0x17ad&#xA;&#xA;goroutine 23 [chan receive, 9 minutes]:&#xA;testing.(*T).Parallel(0xc000330248)&#xA;&#x9;/root/go/pkg/mod/golang.org/toolchain@v0.0.1-go1.27.0.linux-amd64/src/testing/testing.go:1957 +0x50c&#xA;github.com/Apollogeddon/distribyted/internal/fs.TestZipFilesystem(0xc000330248)&#xA;&#x9;/home/user/distribyted/internal/fs/archive_test.go:18 +0x3f&#xA;testing.tRunner(0xc000330248, 0x25efbe0)&#xA;&#x9;/root/go/pkg/mod/golang.org/toolchain@v0.0.1-go1.27.0.linux-amd64/src/testing/testing.go:2193 +0x21d&#xA;created by testing.(*T).Run in goroutine 1&#xA;&#x9;/root/go/pkg/mod/golang.org/toolchain@v0.0.1-go1.27.0.linux-amd64/src/testing/testing.go:2258 +0xb13&#xA;&#xA;goroutine 7 [chan receive, 9 minutes]:&#xA;testing.(*T).Parallel(0xc000330488)&#xA;&#x9;/root/go/pkg/mod/golang.org/toolchain@v0.0.1-go1.27.0.linux-amd64/src/testing/testing.go:1957 +0x50c&#xA;github.com/Apollogeddon/distribyted/internal/fs.TestContainer(0xc000330488)&#xA;&#x9;/home/user/distribyted/internal/fs/container_test.go:11 +0x3f&#xA;testing.tRunner(0xc000330488, 0x25efa38)&#xA;&#x9;/root/go/pkg/mod/golang.org/toolchain@v0.0.1-go1.27.0.linux-amd64/src/testing/testing.go:2193 +0x21d&#xA;created by testing.(*T).Run in goroutine 1&#xA;&#x9;/root/go/pkg/mod/golang.org/toolchain@v0.0.1-go1.27.0.linux-amd64/src/testing/testing.go:2258 +0xb13&#xA;&#xA;goroutine 14 [chan receive, 9 minutes]:&#xA;testing.(*T).Parallel(0xc000331448)&#xA;&#x9;/root/go/pkg/mod/golang.org/toolchain@v0.0.1-go1.27.0.linux-amd64/src/testing/testing.go:1957 +0x50c&#xA;github.com/Apollogeddon/distribyted/internal/fs.TestContainer_Rename_CallbackReentry(0xc000331448)&#xA;&#x9;/home/user/distribyted/internal/fs/container_test.go:250 +0x3c&#xA;testing.tRunner(0xc000331448, 0x25efa98)&#xA;&#x9;/root/go/pkg/mod/golang.org/toolchain@v0.0.1-go1.27.0.linux-amd64/src/testing/testing.go:2193 +0x21d&#xA;created by testing.(*T).Run in goroutine 1&#xA;&#x9;/root/go/pkg/mod/golang.org/toolchain@v0.0.1-go1.27.0.linux-amd64/src/testing/testing.go:2258 +0xb13&#xA;&#xA;goroutine 8 [chan receive, 9 minutes]:&#xA;testing.(*T).Parallel(0xc0003306c8)&#xA;&#x9;/root/go/pkg/mod/golang.org/toolchain@v0.0.1-go1.27.0.linux-amd64/src/testing/testing.go:1957 +0x50c&#xA;github.com/Apollogeddon/distribyted/internal/fs.TestContainer_LastReferenceRemoved(0xc0003306c8)&#xA;&#x9;/home/user/distribyted/internal/fs/container_test.go:53 +0x39&#xA;testing.tRunner(0xc0003306c8, 0x25efa58)&#xA;&#x9;/root/go/pkg/mod/golang.org/toolchain@v0.0.1-go1.27.0.linux-amd64/src/testing/testing.go:2193 +0x21d&#xA;created by testing.(*T).Run in goroutine 1&#xA;&#x9;/root/go/pkg/mod/golang.org/toolchain@v0.0.1-go1.27.0.linux-amd64/src/testing/testing.go:2258 +0xb13&#xA;&#xA;goroutine 13 [chan receive, 9 minutes]:&#xA;testing.(*T).Parallel(0xc000331208)&#xA;&#x9;/root/go/pkg/mod/golang.org/toolchain@v0.0.1-go1.27.0.linux-amd64/src/testing/testing.go:1957 +0x50c&#xA;github.com/Apollogeddon/distribyted/internal/fs.TestContainer_Link_CallbackReentry(0xc000331208)&#xA;&#x9;/home/user/distribyted/internal/fs/container_test.go:214 +0x3c&#xA;testing.tRunner(0xc000331208, 0x25efa68)&#xA;&#x9;/root/go/pkg/mod/golang.org/toolchain@v0.0.1-go1.27.0.linux-amd64/src/testing/testing.go:2193 +0x21d&#xA;created by testing.(*T).Run in goroutine 1&#xA;&#x9;/root/go/pkg/mod/golang.org/toolchain@v0.0.1-go1.27.0.linux-amd64/src/testing/testing.go:2258 +0xb13&#xA;&#xA;goroutine 9 [chan receive, 9 minutes]:&#xA;testing.(*T).Parallel(0xc000330908)&#xA;&#x9;/root/go/pkg/mod/golang.org/toolchain@v0.0.1-go1.27.0.linux-amd64/src/testing/testing.go:1957 +0x50c&#xA;github.com/Apollogeddon/distribyted/internal/fs.TestContainer_LastReferenceRemoved_CallbackReentry(0xc000330908)&#xA;&#x9;/home/user/distribyted/internal/fs/container_test.go:85 +0x3c&#xA;testing.tRunner(0xc000330908, 0x25efa60)&#xA;&#x9;/root/go/pkg/mod/golang.org/toolchain@v0.0.1-go1.27.0.linux-amd64/src/testing/testing.go:2193 +0x21d&#xA;created by testing.(*T).Run in goroutine 1&#xA;&#x9;/root/go/pkg/mod/golang.org/toolchain@v0.0.1-go1.27.0.linux-amd64/src/testing/testing.go:2258 +0xb13&#xA;&#xA;goroutine 12 [chan receive, 9 minutes]:&#xA;testing.(*T).Parallel(0xc000330fc8)&#xA;&#x9;/root/go/pkg/mod/golang.org/toolchain@v0.0.1-go1.27.0.linux-amd64/src/testing/testing.go:1957 +0x50c&#xA;github.com/Apollogeddon/distribyted/internal/fs.TestContainer_RemoveByHash_CallbackReentry(0xc000330fc8)&#xA;&#x9;/home/user/distribyted/internal/fs/container_test.go:180 +0x3c&#xA;testing.tRunner(0xc000330fc8, 0x25efa78)&#xA;&#x9;/root/go/pkg/mod/golang.org/toolchain@v0.0.1-go1.27.0.linux-amd64/src/testing/testing.go:2193 +0x21d&#xA;created by testing.(*T).Run in goroutine 1&#xA;&#x9;/root/go/pkg/mod/golang.org/toolchain@v0.0.1-go1.27.0.linux-amd64/src/testing/testing.go:2258 +0xb13&#xA;&#xA;goroutine 10 [chan receive, 9 minutes]:&#xA;testing.(*T).Parallel(0xc000330b48)&#xA;&#x9;/root/go/pkg/mod/golang.org/toolchain@v0.0.1-go1.27.0.linux-amd64/src/testing/testing.go:1957 +0x50c&#xA;github.com/Apollogeddon/distribyted/internal/fs.TestContainer_RemoveByHash_FiresLinkRemoved(0xc000330b48)&#xA;&#x9;/home/user/distribyted/internal/fs/container_test.go:119 +0x3c&#xA;testing.tRunner(0xc000330b48, 0x25efa88)&#xA;&#x9;/root/go/pkg/mod/golang.org/toolchain@v0.0.1-go1.27.0.linux-amd64/src/testing/testing.go:2193 +0x21d&#xA;created by testing.(*T).Run in goroutine 1&#xA;&#x9;/root/go/pkg/mod/golang.org/toolchain@v0.0.1-go1.27.0.linux-amd64/src/testing/testing.go:2258 +0xb13&#xA;&#xA;goroutine 11 [chan receive, 9 minutes]:&#xA;testing.(*T).Parallel(0xc000330d88)&#xA;&#x9;/root/go/pkg/mod/golang.org/toolchain@v0.0.1-go1.27.0.linux-amd64/src/testing/testing.go:1957 +0x50c&#xA;github.com/Apollogeddon/distribyted/internal/fs.TestContainer_RemoveByHash_DoesNotFireLastRef(0xc000330d88)&#xA;&#x9;/home/user/distribyted/internal/fs/container_test.go:153 +0x2f&#xA;testing.tRunner(0xc000330d88, 0x25efa80)&#xA;&#x9;/root/go/pkg/mod/golang.org/toolchain@v0.0.1-go1.27.0.linux-amd64/src/testing/testing.go:2193 +0x21d&#xA;created by testing.(*T).Run in goroutine 1&#xA;&#x9;/root/go/pkg/mod/golang.org/toolchain@v0.0.1-go1.27.0.linux-amd64/src/testing/testing.go:2258 +0xb13&#xA;&#xA;goroutine 16 [chan receive, 9 minutes]:&#xA;testing.(*T).Parallel(0xc0003318c8)&#xA;&#x9;/root/go/pkg/mod/golang.org/toolchain@v0.0.1-go1.27.0.linux-amd64/src/testing/testing.go:1957 +0x50c&#xA;github.com/Apollogeddon/distribyted/internal/fs.TestContainer_Rmdir_CallbackReentry(0xc0003318c8)&#xA;&#x9;/home/user/distribyted/internal/fs/container_test.go:303 +0x3c&#xA;testing.tRunner(0xc0003318c8, 0x25efaa0)&#xA;&#x9;/root/go/pkg/mod/golang.org/toolchain@v0.0.1-go1.27.0.linux-amd64/src/testing/testing.go:2193 +0x21d&#xA;created by testing.(*T).Run in goroutine 1&#xA;&#x9;/root/go/pkg/mod/golang.org/toolchain@v0.0.1-go1.27.0.linux-amd64/src/testing/testing.go:2258 +0xb13&#xA;&#xA;goroutine 66 [chan receive, 9 minutes]:&#xA;testing.(*T).Parallel(0xc000331b08)&#xA;&#x9;/root/go/pkg/mod/golang.org/toolchain@v0.0.1-go1.27.0.linux-amd64/src/testing/testing.go:1957 +0x50c&#xA;github.com/Apollogeddon/distribyted/internal/fs.TestContainer_Create_CallbackReentry(0xc000331b08)&#xA;&#x9;/home/user/distribyted/internal/fs/container_test.go:329 +0x3c&#xA;testing.tRunner(0xc000331b08, 0x25efa50)&#xA;&#x9;/root/go/pkg/mod/golang.org/toolchain@v0.0.1-go1.27.0.linux-amd64/src/testing/testing.go:2193 +0x21d&#xA;created by testing.(*T).Run in goroutine 1&#xA;&#x9;/root/go/pkg/mod/golang.org/toolchain@v0.0.1-go1.27.0.linux-amd64/src/testing/testing.go:2258 +0xb13&#xA;&#xA;goroutine 67 [chan receive, 9 minutes]:&#xA;testing.(*T).Parallel(0xc000331d48)&#xA;&#x9;/root/go/pkg/mod/golang.org/toolchain@v0.0.1-go1.27.0.linux-amd64/src/testing/testing.go:1957 +0x50c&#xA;github.com/Apollogeddon/distribyted/internal/fs.TestContainer_RemoveHashlessFileDoesNotCascade(0xc000331d48)&#xA;&#x9;/home/user/distribyted/internal/fs/container_test.go:354 +0x2f&#xA;testing.tRunner(0xc000331d48, 0x25efa90)&#xA;&#x9;/root/go/pkg/mod/golang.org/toolchain@v0.0.1-go1.27.0.linux-amd64/src/testing/testing.go:2193 +0x21d&#xA;created by testing.(*T).Run in goroutine 1&#xA;&#x9;/root/go/pkg/mod/golang.org/toolchain@v0.0.1-go1.27.0.linux-amd64/src/testing/testing.go:2258 +0xb13&#xA;&#xA;goroutine 68 [chan receive, 9 minutes]:&#xA;testing.(*T).Parallel(0xc0001fed88)&#xA;&#x9;/root/go/pkg/mod/golang.org/toolchain@v0.0.1-go1.27.0.linux-amd64/src/testing/testing.go:1957 +0x50c&#xA;github.com/Apollogeddon/distribyted/internal/fs.TestFileinfo(0xc0001fed88)&#xA;&#x9;/home/user/distribyted/internal/fs/fs_test.go:12 +0x3c&#xA;testing.tRunner(0xc0001fed88, 0x25efab0)&#xA;&#x9;/root/go/pkg/mod/golang.org/toolchain@v0.0.1-go1.27.0.linux-amd64/src/testing/testing.go:2193 +0x21d&#xA;created by testing.(*T).Run in goroutine 1&#xA;&#x9;/root/go/pkg/mod/golang.org/toolchain@v0.0.1-go1.27.0.linux-amd64/src/testing/testing.go:2258 +0xb13&#xA;&#xA;goroutine 69 [chan receive, 9 minutes]:&#xA;testing.(*T).Parallel(0xc00167a008)&#xA;&#x9;/root/go/pkg/mod/golang.org/toolchain@v0.0.1-go1.27.0.linux-amd64/src/testing/testing.go:1957 +0x50c&#xA;github.com/Apollogeddon/distribyted/internal/fs.TestDir(0xc00167a008)&#xA;&#x9;/home/user/distribyted/internal/fs/fs_test.go:31 +0x39&#xA;testing.tRunner(0xc00167a008, 0x25efaa8)&#xA;&#x9;/root/go/pkg/mod/golang.org/toolchain@v0.0.1-go1.27.0.linux-amd64/src/testing/testing.go:2193 +0x21d&#xA;created by testing.(*T).Run in goroutine 1&#xA;&#x9;/root/go/pkg/mod/golang.org/toolchain@v0.0.1-go1.27.0.linux-amd64/src/testing/testing.go:2258 +0xb13&#xA;&#xA;goroutine 72 [chan receive, 9 minutes]:&#xA;testing.(*T).Parallel(0xc00167a6c8)&#xA;&#x9;/root/go/pkg/mod/golang.org/toolchain@v0.0.1-go1.27.0.linux-amd64/src/testing/testing.go:1957 +0x50c&#xA;github.com/Apollogeddon/distribyted/internal/fs.TestMemory(0xc00167a6c8)&#xA;&#x9;/home/user/distribyted/internal/fs/memory_test.go:10 +0x3f&#xA;testing.tRunner(0xc00167a6c8, 0x25efab8)&#xA;&#x9;/root/go/pkg/mod/golang.org/toolchain@v0.0.1-go1.27.0.linux-amd64/src/testing/testing.go:2193 +0x21d&#xA;created by testing.(*T).Run in goroutine 1&#xA;&#x9;/root/go/pkg/mod/golang.org/toolchain@v0.0.1-go1.27.0.linux-amd64/src/testing/testing.go:2258 +0xb13&#xA;&#xA;goroutine 73 [chan receive, 9 minutes]:&#xA;testing.(*T).Parallel(0xc00167a908)&#xA;&#x9;/root/go/pkg/mod/golang.org/toolchain@v0.0.1-go1.27.0.linux-amd64/src/testing/testing.go:1957 +0x50c&#xA;github.com/Apollogeddon/distribyted/internal/fs.TestStorage(0xc00167a908)&#xA;&#x9;/home/user/distribyted/internal/fs/storage_test.go:17 +0x34&#xA;testing.tRunner(0xc00167a908, 0x25efb38)&#xA;&#x9;/root/go/pkg/mod/golang.org/toolchain@v0.0.1-go1.27.0.linux-amd64/src/testing/testing.go:2193 +0x21d&#xA;created by testing.(*T).Run in goroutine 1&#xA;&#x9;/root/go/pkg/mod/golang.org/toolchain@v0.0.1-go1.27.0.linux-amd64/src/testing/testing.go:2258 +0xb13&#xA;&#xA;goroutine 74 [chan receive, 9 minutes]:&#xA;testing.(*T).Parallel(0xc00167ab48)&#xA;&#x9;/root/go/pkg/mod/golang.org/toolchain@v0.0.1-go1.27.0.linux-amd64/src/testing/testing.go:1957 +0x50c&#xA;github.com/Apollogeddon/distribyted/internal/fs.TestStorageRemove(0xc00167ab48)&#xA;&#x9;/home/user/distribyted/internal/fs/storage_test.go:97 +0x2f&#xA;testing.tRunner(0xc00167ab48, 0x25efb60)&#xA;&#x9;/root/go/pkg/mod/golang.org/toolchain@v0.0.1-go1.27.0.linux-amd64/src/testing/testing.go:2193 +0x21d&#xA;created by testing.(*T).Run in goroutine 1&#xA;&#x9;/root/go/pkg/mod/golang.org/toolchain@v0.0.1-go1.27.0.linux-amd64/src/testing/testing.go:2258 +0xb13&#xA;&#xA;goroutine 75 [chan receive, 9 minutes]:&#xA;testing.(*T).Parallel(0xc00167ad88)&#xA;&#x9;/root/go/pkg/mod/golang.org/toolchain@v0.0.1-go1.27.0.linux-amd64/src/testing/testing.go:1957 +0x50c&#xA;github.com/Apollogeddon/distribyted/internal/fs.TestStorageWindowsPath(0xc00167ad88)&#xA;&#x9;/home/user/distribyted/internal/fs/storage_test.go:116 +0x32&#xA;testing.tRunner(0xc00167ad88, 0x25efb80)&#xA;&#x9;/root/go/pkg/mod/golang.org/toolchain@v0.0.1-go1.27.0.linux-amd64/src/testing/testing.go:2193 +0x21d&#xA;created by testing.(*T).Run in goroutine 1&#xA;&#x9;/root/go/pkg/mod/golang.org/toolchain@v0.0.1-go1.27.0.linux-amd64/src/testing/testing.go:2258 +0xb13&#xA;&#xA;goroutine 76 [chan receive, 9 minutes]:&#xA;testing.(*T).Parallel(0xc00167afc8)&#xA;&#x9;/root/go/pkg/mod/golang.org/toolchain@v0.0.1-go1.27.0.linux-amd64/src/testing/testing.go:1957 +0x50c&#xA;github.com/Apollogeddon/distribyted/internal/fs.TestStorageAddFs(0xc00167afc8)&#xA;&#x9;/home/user/distribyted/internal/fs/storage_test.go:137 +0x2f&#xA;testing.tRunner(0xc00167afc8, 0x25efb40)&#xA;&#x9;/root/go/pkg/mod/golang.org/toolchain@v0.0.1-go1.27.0.linux-amd64/src/testing/testing.go:2193 +0x21d&#xA;created by testing.(*T).Run in goroutine 1&#xA;&#x9;/root/go/pkg/mod/golang.org/toolchain@v0.0.1-go1.27.0.linux-amd64/src/testing/testing.go:2258 +0xb13&#xA;&#xA;goroutine 83 [chan receive, 9 minutes]:&#xA;testing.(*T).Parallel(0xc000668008)&#xA;&#x9;/root/go/pkg/mod/golang.org/toolchain@v0.0.1-go1.27.0.linux-amd64/src/testing/testing.go:1957 +0x50c&#xA;github.com/Apollogeddon/distribyted/internal/fs.TestSupportedFactories(0xc000668008)&#xA;&#x9;/home/user/distribyted/internal/fs/storage_test.go:322 +0x39&#xA;testing.tRunner(0xc000668008, 0x25efb88)&#xA;&#x9;/root/go/pkg/mod/golang.org/toolchain@v0.0.1-go1.27.0.linux-amd64/src/testing/testing.go:2193 +0x21d&#xA;created by testing.(*T).Run in goroutine 1&#xA;&#x9;/root/go/pkg/mod/golang.org/toolchain@v0.0.1-go1.27.0.linux-amd64/src/testing/testing.go:2258 +0xb13&#xA;&#xA;goroutine 84 [chan receive, 9 minutes]:&#xA;github.com/Apollogeddon/distribyted/internal/fs.TestTorrentFilesystem(0xc000668248)&#xA;&#x9;/home/user/distribyted/internal/fs/torrent_test.go:60 +0x1b0&#xA;testing.tRunner(0xc000668248, 0x25efbd8)&#xA;&#x9;/root/go/pkg/mod/golang.org/toolchain@v0.0.1-go1.27.0.linux-amd64/src/testing/testing.go:2193 +0x21d&#xA;created by testing.(*T).Run in goroutine 1&#xA;&#x9;/root/go/pkg/mod/golang.org/toolchain@v0.0.1-go1.27.0.linux-amd64/src/testing/testing.go:2258 +0xb13&#xA;&#xA;goroutine 85 [select]:&#xA;github.com/anacrolix/torrent.(*Torrent).sourcer(0xc0001cc408, {0xc0001f0a80, 0x2f})&#xA;&#x9;/root/go/pkg/mod/github.com/anacrolix/torrent@v1.61.0/sources.go:46 +0x214&#xA;created by github.com/anacrolix/torrent.(*Torrent).AddSources in goroutine 84&#xA;&#x9;/root/go/pkg/mod/github.com/anacrolix/torrent@v1.61.0/sources.go:25 +0x167&#xA;&#xA;goroutine 86 [IO wait, 9 minutes]:&#xA;internal/poll.runtime_pollWait(0x7f7a9d1f9000, 0x72)&#xA;&#x9;/root/go/pkg/mod/golang.org/toolchain@v0.0.1-go1.27.0.linux-amd64/src/runtime/netpoll.go:351 +0x85&#xA;internal/poll.(*pollDesc).wait(0xc00030e7a0, 0x72, 0x0)&#xA;&#x9;/root/go/pkg/mod/golang.org/toolchain@v0.0.1-go1.27.0.linux-amd64/src/internal/poll/fd_poll_runtime.go:84 +0xb1&#xA;internal/poll.(*pollDesc).waitRead(...)&#xA;&#x9;/root/go/pkg/mod/golang.org/toolchain@v0.0.1-go1.27.0.linux-amd64/src/internal/poll/fd_poll_runtime.go:89&#xA;internal/poll.(*FD).ReadFromInet4(0xc00030e780, {0xc0001f9000, 0x800, 0x800}, 0xc001881d38)&#xA;&#x9;/root/go/pkg/mod/golang.org/toolchain@v0.0.1-go1.27.0.linux-amd64/src/internal/poll/fd_unix.go:246 +0x3c6&#xA;net.(*netFD).readFromInet4(0xc00030e780, {0xc0001f9000, 0x800, 0x800}, 0xc001881d38)&#xA;&#x9;/root/go/pkg/mod/golang.org/toolchain@v0.0.1-go1.27.0.linux-amd64/src/net/fd_posix.go:79 +0x55&#xA;net.(*UDPConn).readFrom(0xc000006058, {0xc0001f9000, 0x800, 0x800}, 0xc000916000)&#xA;&#x9;/root/go/pkg/mod/golang.org/toolchain@v0.0.1-go1.27.0.linux-amd64/src/net/udpsock_posix.go:52 +0x287&#xA;net.(*UDPConn).readFromUDP(0xc000006058, {0xc0001f9000, 0x800, 0x800}, 0xc000916000)&#xA;&#x9;/root/go/pkg/mod/golang.org/toolchain@v0.0.1-go1.27.0.linux-amd64/src/net/udpsock.go:146 +0x92&#xA;net.(*UDPConn).ReadFrom(0xc000006058, {0xc0001f9000, 0x800, 0x800})&#xA;&#x9;/root/go/pkg/mod/golang.org/toolchain@v0.0.1-go1.27.0.linux-amd64/src/net/udpsock.go:155 +0x91&#xA;github.com/anacrolix/torrent/tracker/udp.(*ConnClient).reader(0xc00031a380)&#xA;&#x9;/root/go/pkg/mod/github.com/anacrolix/torrent@v1.61.0/tracker/udp/conn-client.go:39 +0x90&#xA;created by github.com/anacrolix/torrent/tracker/udp.NewConnClient in goroutine 84&#xA;&#x9;/root/go/pkg/mod/github.com/anacrolix/torrent@v1.61.0/tracker/udp/conn-client.go:115 +0x494&#xA;&#xA;goroutine 87 [IO wait, 9 minutes]:&#xA;internal/poll.runtime_pollWait(0x7f7a9d1f8e00, 0x72)&#xA;&#x9;/root/go/pkg/mod/golang.org/toolchain@v0.0.1-go1.27.0.linux-amd64/src/runtime/netpoll.go:351 +0x85&#xA;internal/poll.(*pollDesc).wait(0xc00030eca0, 0x72, 0x0)&#xA;&#x9;/root/go/pkg/mod/golang.org/toolchain@v0.0.1-go1.27.0.linux-amd64/src/internal/poll/fd_poll_runtime.go:84 +0xb1&#xA;internal/poll.(*pollDesc).waitRead(...)&#xA;&#x9;/root/go/pkg/mod/golang.org/toolchain@v0.0.1-go1.27.0.linux-amd64/src/internal/poll/fd_poll_runtime.go:89&#xA;internal/poll.(*FD).ReadFromInet4(0xc00030ec80, {0xc00033a800, 0x800, 0x800}, 0xc000082d38)&#xA;&#x9;/root/go/pkg/mod/golang.org/toolchain@v0.0.1-go1.27.0.linux-amd64/src/internal/poll/fd_unix.go:246 +0x3c6&#xA;net.(*netFD).readFromInet4(0xc00030ec80, {0xc00033a800, 0x800, 0x800}, 0xc000082d38)&#xA;&#x9;/root/go/pkg/mod/golang.org/toolchain@v0.0.1-go1.27.0.linux-amd64/src/net/fd_posix.go:79 +0x55&#xA;net.(*UDPConn).readFrom(0xc000006068, {0xc00033a800, 0x800, 0x800}, 0xc000984780)&#xA;&#x9;/root/go/pkg/mod/golang.org/toolchain@v0.0.1-go1.27.0.linux-amd64/src/net/udpsock_posix.go:52 +0x287&#xA;net.(*UDPConn).readFromUDP(0xc000006068, {0xc00033a800, 0x800, 0x800}, 0xc000984780)&#xA;&#x9;/root/go/pkg/mod/golang.org/toolchain@v0.0.1-go1.27.0.linux-amd64/src/net/udpsock.go:146 +0x92&#xA;net.(*UDPConn).ReadFrom(0xc000006068, {0xc00033a800, 0x800, 0x800})&#xA;&#x9;/root/go/pkg/mod/golang.org/toolchain@v0.0.1-go1.27.0.linux-amd64/src/net/udpsock.go:155 +0x91&#xA;github.com/anacrolix/torrent/tracker/udp.(*ConnClient).reader(0xc00031a460)&#xA;&#x9;/root/go/pkg/mod/github.com/anacrolix/torrent@v1.61.0/tracker/udp/conn-client.go:39 +0x90&#xA;created by github.com/anacrolix/torrent/tracker/udp.NewConnClient in goroutine 84&#xA;&#x9;/root/go/pkg/mod/github.com/anacrolix/torrent@v1.61.0/tracker/udp/conn-client.go:115 +0x494&#xA;&#xA;goroutine 65 [select]:&#xA;github.com/pion/interceptor/pkg/nack.(*GeneratorInterceptor).loop(0xc000a22240, {0x25e1f20, 0xc0009bec70})&#xA;&#x9;/root/go/pkg/mod/github.com/pion/interceptor@v0.1.42/pkg/nack/generator_interceptor.go:155 +0x5a5&#xA;created by github.com/pion/interceptor/pkg/nack.(*GeneratorInterceptor).BindRTCPWriter in goroutine 92&#xA;&#x9;/root/go/pkg/mod/github.com/pion/interceptor@v0.1.42/pkg/nack/generator_interceptor.go:84 +0x19d&#xA;&#xA;goroutine 88 [IO wait, 9 minutes]:&#xA;internal/poll.runtime_pollWait(0x7f7a9d1f8c00, 0x72)&#xA;&#x9;/root/go/pkg/mod/golang.org/toolchain@v0.0.1-go1.27.0.linux-amd64/src/runtime/netpoll.go:351 +0x85&#xA;internal/poll.(*pollDesc).wait(0xc00030f1a0, 0x72, 0x0)&#xA;&#x9;/root/go/pkg/mod/golang.org/toolchain@v0.0.1-go1.27.0.linux-amd64/src/internal/poll/fd_poll_runtime.go:84 +0xb1&#xA;internal/poll.(*pollDesc).waitRead(...)&#xA;&#x9;/root/go/pkg/mod/golang.org/toolchain@v0.0.1-go1.27.0.linux-amd64/src/internal/poll/fd_poll_runtime.go:89&#xA;internal/poll.(*FD).ReadFromInet4(0xc00030f180, {0xc00033a000, 0x800, 0x800}, 0xc000199d38)&#xA;&#x9;/root/go/pkg/mod/golang.org/toolchain@v0.0.1-go1.27.0.linux-amd64/src/internal/poll/fd_unix.go:246 +0x3c6&#xA;net.(*netFD).readFromInet4(0xc00030f180, {0xc00033a000, 0x800, 0x800}, 0xc000199d38)&#xA;&#x9;/root/go/pkg/mod/golang.org/toolchain@v0.0.1-go1.27.0.linux-amd64/src/net/fd_posix.go:79 +0x55&#xA;net.(*UDPConn).readFrom(0xc000006078, {0xc00033a000, 0x800, 0x800}, 0xc000984750)&#xA;&#x9;/root/go/pkg/mod/golang.org/toolchain@v0.0.1-go1.27.0.linux-amd64/src/net/udpsock_posix.go:52 +0x287&#xA;net.(*UDPConn).readFromUDP(0xc000006078, {0xc00033a000, 0x800, 0x800}, 0xc000984750)&#xA;&#x9;/root/go/pkg/mod/golang.org/toolchain@v0.0.1-go1.27.0.linux-amd64/src/net/udpsock.go:146 +0x92&#xA;net.(*UDPConn).ReadFrom(0xc000006078, {0xc00033a000, 0x800, 0x800})&#xA;&#x9;/root/go/pkg/mod/golang.org/toolchain@v0.0.1-go1.27.0.linux-amd64/src/net/udpsock.go:155 +0x91&#xA;github.com/anacrolix/torrent/tracker/udp.(*ConnClient).reader(0xc00031a540)&#xA;&#x9;/root/go/pkg/mod/github.com/anacrolix/torrent@v1.61.0/tracker/udp/conn-client.go:39 +0x90&#xA;created by github.com/anacrolix/torrent/tracker/udp.NewConnClient in goroutine 84&#xA;&#x9;/root/go/pkg/mod/github.com/anacrolix/torrent@v1.61.0/tracker/udp/conn-client.go:115 +0x494&#xA;&#xA;goroutine 89 [IO wait, 9 minutes]:&#xA;internal/poll.runtime_pollWait(0x7f7a9d1f8800, 0x72)&#xA;&#x9;/root/go/pkg/mod/golang.org/toolchain@v0.0.1-go1.27.0.linux-amd64/src/runtime/netpoll.go:351 +0x85&#xA;internal/poll.(*pollDesc).wait(0xc00030f720, 0x72, 0x0)&#xA;&#x9;/root/go/pkg/mod/golang.org/toolchain@v0.0.1-go1.27.0.linux-amd64/src/internal/poll/fd_poll_runtime.go:84 +0xb1&#xA;internal/poll.(*pollDesc).waitRead(...)&#xA;&#x9;/root/go/pkg/mod/golang.org/toolchain@v0.0.1-go1.27.0.linux-amd64/src/internal/poll/fd_poll_runtime.go:89&#xA;internal/poll.(*FD).ReadFromInet4(0xc00030f700, {0xc00033b800, 0x800, 0x800}, 0xc00187ed38)&#xA;&#x9;/root/go/pkg/mod/golang.org/toolchain@v0.0.1-go1.27.0.linux-amd64/src/internal/poll/fd_unix.go:246 +0x3c6&#xA;net.(*netFD).readFromInet4(0xc00030f700, {0xc00033b800, 0x800, 0x800}, 0xc00187ed38)&#xA;&#x9;/root/go/pkg/mod/golang.org/toolchain@v0.0.1-go1.27.0.linux-amd64/src/net/fd_posix.go:79 +0x55&#xA;net.(*UDPConn).readFrom(0xc000006088, {0xc00033b800, 0x800, 0x800}, 0xc0009847b0)&#xA;&#x9;/root/go/pkg/mod/golang.org/toolchain@v0.0.1-go1.27.0.linux-amd64/src/net/udpsock_posix.go:52 +0x287&#xA;net.(*UDPConn).readFromUDP(0xc000006088, {0xc00033b800, 0x800, 0x800}, 0xc0009847b0)&#xA;&#x9;/root/go/pkg/mod/golang.org/toolchain@v0.0.1-go1.27.0.linux-amd64/src/net/udpsock.go:146 +0x92&#xA;net.(*UDPConn).ReadFrom(0xc000006088, {0xc00033b800, 0x800, 0x800})&#xA;&#x9;/root/go/pkg/mod/golang.org/toolchain@v0.0.1-go1.27.0.linux-amd64/src/net/udpsock.go:155 +0x91&#xA;github.com/anacrolix/torrent/tracker/udp.(*ConnClient).reader(0xc00031a620)&#xA;&#x9;/root/go/pkg/mod/github.com/anacrolix/torrent@v1.61.0/tracker/udp/conn-client.go:39 +0x90&#xA;created by github.com/anacrolix/torrent/tracker/udp.NewConnClient in goroutine 84&#xA;&#x9;/root/go/pkg/mod/github.com/anacrolix/torrent@v1.61.0/tracker/udp/conn-client.go:115 +0x494&#xA;&#xA;goroutine 145 [select]:&#xA;github.com/pion/interceptor/pkg/report.(*ReceiverInterceptor).loop(0xc001a80d90, {0x25e1f20, 0xc0009bfb60})&#xA;&#x9;/root/go/pkg/mod/github.com/pion/interceptor@v0.1.42/pkg/report/receiver_interceptor.go:100 +0x32f&#xA;created by github.com/pion/interceptor/pkg/report.(*ReceiverInterceptor).BindRTCPWriter in goroutine 96&#xA;&#x9;/root/go/pkg/mod/github.com/pion/interceptor@v0.1.42/pkg/report/receiver_interceptor.go:89 +0x19d&#xA;&#xA;goroutine 90 [IO wait, 9 minutes]:&#xA;internal/poll.runtime_pollWait(0x7f7a9d1f8400, 0x72)&#xA;&#x9;/root/go/pkg/mod/golang.org/toolchain@v0.0.1-go1.27.0.linux-amd64/src/runtime/netpoll.go:351 +0x85&#xA;internal/poll.(*pollDesc).wait(0xc00030fc20, 0x72, 0x0)&#xA;&#x9;/root/go/pkg/mod/golang.org/toolchain@v0.0.1-go1.27.0.linux-amd64/src/internal/poll/fd_poll_runtime.go:84 +0xb1&#xA;internal/poll.(*pollDesc).waitRead(...)&#xA;&#x9;/root/go/pkg/mod/golang.org/toolchain@v0.0.1-go1.27.0.linux-amd64/src/internal/poll/fd_poll_runtime.go:89&#xA;internal/poll.(*FD).ReadFromInet4(0xc00030fc00, {0xc0001f9800, 0x800, 0x800}, 0xc001882d38)&#xA;&#x9;/root/go/pkg/mod/golang.org/toolchain@v0.0.1-go1.27.0.linux-amd64/src/internal/poll/fd_unix.go:246 +0x3c6&#xA;net.(*netFD).readFromInet4(0xc00030fc00, {0xc0001f9800, 0x800, 0x800}, 0xc001882d38)&#xA;&#x9;/root/go/pkg/mod/golang.org/toolchain@v0.0.1-go1.27.0.linux-amd64/src/net/fd_posix.go:79 +0x55&#xA;net.(*UDPConn).readFrom(0xc000006098, {0xc0001f9800, 0x800, 0x800}, 0xc000916030)&#xA;&#x9;/root/go/pkg/mod/golang.org/toolchain@v0.0.1-go1.27.0.linux-amd64/src/net/udpsock_posix.go:52 +0x287&#xA;net.(*UDPConn).readFromUDP(0xc000006098, {0xc0001f9800, 0x800, 0x800}, 0xc000916030)&#xA;&#x9;/root/go/pkg/mod/golang.org/toolchain@v0.0.1-go1.27.0.linux-amd64/src/net/udpsock.go:146 +0x92&#xA;net.(*UDPConn).ReadFrom(0xc000006098, {0xc0001f9800, 0x800, 0x800})&#xA;&#x9;/root/go/pkg/mod/golang.org/toolchain@v0.0.1-go1.27.0.linux-amd64/src/net/udpsock.go:155 +0x91&#xA;github.com/anacrolix/torrent/tracker/udp.(*ConnClient).reader(0xc00031a700)&#xA;&#x9;/root/go/pkg/mod/github.com/anacrolix/torrent@v1.61.0/tracker/udp/conn-client.go:39 +0x90&#xA;created by github.com/anacrolix/torrent/tracker/udp.NewConnClient in goroutine 84&#xA;&#x9;/root/go/pkg/mod/github.com/anacrolix/torrent@v1.61.0/tracker/udp/conn-client.go:115 +0x494&#xA;&#xA;goroutine 91 [sleep]:&#xA;time.Sleep(0xdf8475800)&#xA;&#x9;/root/go/pkg/mod/golang.org/toolchain@v0.0.1-go1.27.0.linux-amd64/src/runtime/time.go:368 +0x165&#xA;github.com/anacrolix/torrent/webtorrent.(*TrackerClient).run(0xc0001ee180)&#xA;&#x9;/root/go/pkg/mod/github.com/anacrolix/torrent@v1.61.0/webtorrent/tracker-client.go:168 +0xdb&#xA;github.com/anacrolix/torrent/webtorrent.(*TrackerClient).Start.func1()&#xA;&#x9;/root/go/pkg/mod/github.com/anacrolix/torrent@v1.61.0/webtorrent/tracker-client.go:153 +0x34&#xA;created by github.com/anacrolix/torrent/webtorrent.(*TrackerClient).Start in goroutine 84&#xA;&#x9;/root/go/pkg/mod/github.com/anacrolix/torrent@v1.61.0/webtorrent/tracker-client.go:152 +0x17d&#xA;&#xA;goroutine 92 [sync.Cond.Wait, 9 minutes]:&#xA;sync.runtime_notifyListWait(0xc0001ee250, 0x0)&#xA;&#x9;/root/go/pkg/mod/golang.org/toolchain@v0.0.1-go1.27.0.linux-amd64/src/runtime/sema.go:617 +0x1b3&#xA;sync.(*Cond).Wait(0xc0001ee240)&#xA;&#x9;/root/go/pkg/mod/golang.org/toolchain@v0.0.1-go1.27.0.linux-amd64/src/sync/cond.go:71 +0x55&#xA;github.com/anacrolix/torrent/webtorrent.(*TrackerClient).writeMessage(0xc0001ee180, {0xc001a24000, 0x3f4, 0x400})&#xA;&#x9;/root/go/pkg/mod/github.com/anacrolix/torrent@v1.61.0/webtorrent/tracker-client.go:343 +0x46&#xA;github.com/anacrolix/torrent/webtorrent.(*TrackerClient).announce(0xc0001ee180, 0x2, {0xa8, 0x8f, 0xda, 0x59, 0x54, 0xe8, 0x91, 0x78, ...}, ...)&#xA;&#x9;/root/go/pkg/mod/github.com/anacrolix/torrent@v1.61.0/webtorrent/tracker-client.go:312 +0xbda&#xA;github.com/anacrolix/torrent/webtorrent.(*TrackerClient).Announce(0xc0001ee180, 0x2, {0xa8, 0x8f, 0xda, 0x59, 0x54, 0xe8, 0x91, 0x78, ...})&#xA;&#x9;/root/go/pkg/mod/github.com/anacrolix/torrent@v1.61.0/webtorrent/tracker-client.go:258 +0x975&#xA;github.com/anacrolix/torrent.(*Torrent).startWebsocketAnnouncer.func1()&#xA;&#x9;/root/go/pkg/mod/github.com/anacrolix/torrent@v1.61.0/torrent.go:2155 +0xa5&#xA;created by github.com/anacrolix/torrent.(*Torrent).startWebsocketAnnouncer in goroutine 84&#xA;&#x9;/root/go/pkg/mod/github.com/anacrolix/torrent@v1.61.0/torrent.go:2154 +0x49d&#xA;&#xA;goroutine 93 [sleep]:&#xA;time.Sleep(0xdf8475800)&#xA;&#x9;/root/go/pkg/mod/golang.org/toolchain@v0.0.1-go1.27.0.linux-amd64/src/runtime/time.go:368 +0x165&#xA;github.com/anacrolix/torrent/webtorrent.(*TrackerClient).run(0xc0001ee300)&#xA;&#x9;/root/go/pkg/mod/github.com/anacrolix/torrent@v1.61.0/webtorrent/tracker-client.go:168 +0xdb&#xA;github.com/anacrolix/torrent/webtorrent.(*TrackerClient).Start.func1()&#xA;&#x9;/root/go/pkg/mod/github.com/anacrolix/torrent@v1.61.0/webtorrent/tracker-client.go:153 +0x34&#xA;created by github.com/anacrolix/torrent/webtorrent.(*TrackerClient).Start in goroutine 84&#xA;&#x9;/root/go/pkg/mod/github.com/anacrolix/torrent@v1.61.0/webtorrent/tracker-client.go:152 +0x17d&#xA;&#xA;goroutine 94 [sync.Cond.Wait, 9 minutes]:&#xA;sync.runtime_notifyListWait(0xc0001ee3d0, 0x0)&#xA;&#x9;/root/go/pkg/mod/golang.org/toolchain@v0.0.1-go1.27.0.linux-amd64/src/runtime/sema.go:617 +0x1b3&#xA;sync.(*Cond).Wait(0xc0001ee3c0)&#xA;&#x9;/root/go/pkg/mod/golang.org/toolchain@v0.0.1-go1.27.0.linux-amd64/src/sync/cond.go:71 +0x55&#xA;github.com/anacrolix/torrent/webtorrent.(*TrackerClient).writeMessage(0xc0001ee300, {0xc00196a000, 0x3f0, 0x400})&#xA;&#x9;/root/go/pkg/mod/github.com/anacrolix/torrent@v1.61.0/webtorrent/tracker-client.go:343 +0x46&#xA;github.com/anacrolix/torrent/webtorrent.(*TrackerClient).announce(0xc0001ee300, 0x2, {0xa8, 0x8f, 0xda, 0x59, 0x54, 0xe8, 0x91, 0x78, ...}, ...)&#xA;&#x9;/root/go/pkg/mod/github.com/anacrolix/torrent@v1.61.0/webtorrent/tracker-client.go:312 +0xbda&#xA;github.com/anacrolix/torrent/webtorrent.(*TrackerClient).Announce(0xc0001ee300, 0x2, {0xa8, 0x8f, 0xda, 0x59, 0x54, 0xe8, 0x91, 0x78, ...})&#xA;&#x9;/root/go/pkg/mod/github.com/anacrolix/torrent@v1.61.0/webtorrent/tracker-client.go:258 +0x975&#xA;github.com/anacrolix/torrent.(*Torrent).startWebsocketAnnouncer.func1()&#xA;&#x9;/root/go/pkg/mod/github.com/anacrolix/torrent@v1.61.0/torrent.go:2155 +0xa5&#xA;created by github.com/anacrolix/torrent.(*Torrent).startWebsocketAnnouncer in goroutine 84&#xA;&#x9;/root/go/pkg/mod/github.com/anacrolix/torrent@v1.61.0/torrent.go:2154 +0x49d&#xA;&#xA;goroutine 95 [sleep]:&#xA;time.Sleep(0xdf8475800)&#xA;&#x9;/root/go/pkg/mod/golang.org/toolchain@v0.0.1-go1.27.0.linux-amd64/src/runtime/time.go:368 +0x165&#xA;github.com/anacrolix/torrent/webtorrent.(*TrackerClient).run(0xc0001ee480)&#xA;&#x9;/root/go/pkg/mod/github.com/anacrolix/torrent@v1.61.0/webtorrent/tracker-client.go:168 +0xdb&#xA;github.com/anacrolix/torrent/webtorrent.(*TrackerClient).Start.func1()&#xA;&#x9;/root/go/pkg/mod/github.com/anacrolix/torrent@v1.61.0/webtorrent/tracker-client.go:153 +0x34&#xA;created by github.com/anacrolix/torrent/webtorrent.(*TrackerClient).Start in goroutine 84&#xA;&#x9;/root/go/pkg/mod/github.com/anacrolix/torrent@v1.61.0/webtorrent/tracker-client.go:152 +0x17d&#xA;&#xA;goroutine 96 [sync.Cond.Wait, 9 minutes]:&#xA;sync.runtime_notifyListWait(0xc0001ee550, 0x0)&#xA;&#x9;/root/go/pkg/mod/golang.org/toolchain@v0.0.1-go1.27.0.linux-amd64/src/runtime/sema.go:617 +0x1b3&#xA;sync.(*Cond).Wait(0xc0001ee540)&#xA;&#x9;/root/go/pkg/mod/golang.org/toolchain@v0.0.1-go1.27.0.linux-amd64/src/sync/cond.go:71 +0x55&#xA;github.com/anacrolix/torrent/webtorrent.(*TrackerClient).writeMessage(0xc0001ee480, {0xc001a24c00, 0x3ee, 0x400})&#xA;&#x9;/root/go/pkg/mod/github.com/anacrolix/torrent@v1.61.0/webtorrent/tracker-client.go:343 +0x46&#xA;github.com/anacrolix/torrent/webtorrent.(*TrackerClient).announce(0xc0001ee480, 0x2, {0xa8, 0x8f, 0xda, 0x59, 0x54, 0xe8, 0x91, 0x78, ...}, ...)&#xA;&#x9;/root/go/pkg/mod/github.com/anacrolix/torrent@v1.61.0/webtorrent/tracker-client.go:312 +0xbda&#xA;github.com/anacrolix/torrent/webtorrent.(*TrackerClient).Announce(0xc0001ee480, 0x2, {0xa8, 0x8f, 0xda, 0x59, 0x54, 0xe8, 0x91, 0x78, ...})&#xA;&#x9;/root/go/pkg/mod/github.com/anacrolix/torrent@v1.61.0/webtorrent/tracker-client.go:258 +0x975&#xA;github.com/anacrolix/torrent.(*Torrent).startWebsocketAnnouncer.func1()&#xA;&#x9;/root/go/pkg/mod/github.com/anacrolix/torrent@v1.61.0/torrent.go:2155 +0xa5&#xA;created by github.com/anacrolix/torrent.(*Torrent).startWebsocketAnnouncer in goroutine 84&#xA;&#x9;/root/go/pkg/mod/github.com/anacrolix/torrent@v1.61.0/torrent.go:2154 +0x49d&#xA;&#xA;goroutine 130 [select]:&#xA;github.com/pion/interceptor/pkg/report.(*ReceiverInterceptor).loop(0xc0001169a0, {0x25e1f20, 0xc0009bec70})&#xA;&#x9;/root/go/pkg/mod/github.com/pion/interceptor@v0.1.42/pkg/report/receiver_interceptor.go:100 +0x32f&#xA;created by github.com/pion/interceptor/pkg/report.(*ReceiverInterceptor).BindRTCPWriter in goroutine 92&#xA;&#x9;/root/go/pkg/mod/github.com/pion/interceptor@v0.1.42/pkg/report/receiver_interceptor.go:89 +0x19d&#xA;&#xA;goroutine 131 [select]:&#xA;github.com/pion/interceptor/pkg/report.(*SenderInterceptor).loop(0xc000d7e120, {0x25e1f20, 0xc0009bec70})&#xA;&#x9;/root/go/pkg/mod/github.com/pion/interceptor@v0.1.42/pkg/report/sender_interceptor.go:116 +0x3b7&#xA;created by github.com/pion/interceptor/pkg/report.(*SenderInterceptor).BindRTCPWriter in goroutine 92&#xA;&#x9;/root/go/pkg/mod/github.com/pion/interceptor@v0.1.42/pkg/report/sender_interceptor.go:100 +0x19d&#xA;&#xA;goroutine 132 [select, 9 minutes]:&#xA;github.com/pion/interceptor/pkg/twcc.(*SenderInterceptor).loop(0xc000a222a0, {0x25e1f20, 0xc000592f40})&#xA;&#x9;/root/go/pkg/mod/github.com/pion/interceptor@v0.1.42/pkg/twcc/sender_interceptor.go:190 +0x1b1&#xA;created by github.com/pion/interceptor/pkg/twcc.(*SenderInterceptor).BindRTCPWriter in goroutine 92&#xA;&#x9;/root/go/pkg/mod/github.com/pion/interceptor@v0.1.42/pkg/twcc/sender_interceptor.go:94 +0x27d&#xA;&#xA;goroutine 137 [select, 9 minutes]:&#xA;context.(*cancelCtx).propagateCancel.func2()&#xA;&#x9;/root/go/pkg/mod/golang.org/toolchain@v0.0.1-go1.27.0.linux-amd64/src/context/context.go:524 +0xdd&#xA;created by context.(*cancelCtx).propagateCancel in goroutine 134&#xA;&#x9;/root/go/pkg/mod/golang.org/toolchain@v0.0.1-go1.27.0.linux-amd64/src/context/context.go:523 +0x59a&#xA;&#xA;goroutine 134 [select, 9 minutes]:&#xA;github.com/pion/ice/v4/internal/taskloop.(*Loop).runLoop(0xc001336a80, 0xc0009bee30)&#xA;&#x9;/root/go/pkg/mod/github.com/pion/ice/v4@v4.1.0/internal/taskloop/taskloop.go:55 +0x1c6&#xA;created by github.com/pion/ice/v4/internal/taskloop.New in goroutine 92&#xA;&#x9;/root/go/pkg/mod/github.com/pion/ice/v4@v4.1.0/internal/taskloop/taskloop.go:42 +0x1fd&#xA;&#xA;goroutine 47 [select, 9 minutes]:&#xA;github.com/pion/ice/v4.(*candidateBase).recvLoop(0xc0012ce0f0, 0xc0009bdb20)&#xA;&#x9;/root/go/pkg/mod/github.com/pion/ice/v4@v4.1.0/candidate_base.go:230 +0x197&#xA;created by github.com/pion/ice/v4.(*candidateBase).start in goroutine 181&#xA;&#x9;/root/go/pkg/mod/github.com/pion/ice/v4@v4.1.0/candidate_base.go:216 +0x245&#xA;&#xA;goroutine 182 [select, 9 minutes]:&#xA;context.(*cancelCtx).propagateCancel.func2()&#xA;&#x9;/root/go/pkg/mod/golang.org/toolchain@v0.0.1-go1.27.0.linux-amd64/src/context/context.go:524 +0xdd&#xA;created by context.(*cancelCtx).propagateCancel in goroutine 181&#xA;&#x9;/root/go/pkg/mod/golang.org/toolchain@v0.0.1-go1.27.0.linux-amd64/src/context/context.go:523 +0x59a&#xA;&#xA;goroutine 181 [select, 9 minutes]:&#xA;github.com/pion/ice/v4/internal/taskloop.(*Loop).runLoop(0xc001a9e480, 0xc0009bfd10)&#xA;&#x9;/root/go/pkg/mod/github.com/pion/ice/v4@v4.1.0/internal/taskloop/taskloop.go:55 +0x1c6&#xA;created by github.com/pion/ice/v4/internal/taskloop.New in goroutine 96&#xA;&#x9;/root/go/pkg/mod/github.com/pion/ice/v4@v4.1.0/internal/taskloop/taskloop.go:42 +0x1fd&#xA;&#xA;goroutine 142 [select, 9 minutes]:&#xA;github.com/pion/ice/v4.(*candidateBase).recvLoop(0xc001364000, 0xc0009bc930)&#xA;&#x9;/root/go/pkg/mod/github.com/pion/ice/v4@v4.1.0/candidate_base.go:230 +0x197&#xA;created by github.com/pion/ice/v4.(*candidateBase).start in goroutine 134&#xA;&#x9;/root/go/pkg/mod/github.com/pion/ice/v4@v4.1.0/candidate_base.go:216 +0x245&#xA;&#xA;goroutine 144 [select]:&#xA;github.com/pion/interceptor/pkg/nack.(*GeneratorInterceptor).loop(0xc000a22960, {0x25e1f20, 0xc0009bfb60})&#xA;&#x9;/root/go/pkg/mod/github.com/pion/interceptor@v0.1.42/pkg/nack/generator_interceptor.go:155 +0x5a5&#xA;created by github.com/pion/interceptor/pkg/nack.(*GeneratorInterceptor).BindRTCPWriter in goroutine 96&#xA;&#x9;/root/go/pkg/mod/github.com/pion/interceptor@v0.1.42/pkg/nack/generator_interceptor.go:84 +0x19d&#xA;&#xA;goroutine 178 [select]:&#xA;github.com/pion/interceptor/pkg/report.(*SenderInterceptor).loop(0xc000d7e3f0, {0x25e1f20, 0xc0009bfb60})&#xA;&#x9;/root/go/pkg/mod/github.com/pion/interceptor@v0.1.42/pkg/report/sender_interceptor.go:116 +0x3b7&#xA;created by github.com/pion/interceptor/pkg/report.(*SenderInterceptor).BindRTCPWriter in goroutine 96&#xA;&#x9;/root/go/pkg/mod/github.com/pion/interceptor@v0.1.42/pkg/report/sender_interceptor.go:100 +0x19d&#xA;&#xA;goroutine 179 [select, 9 minutes]:&#xA;github.com/pion/interceptor/pkg/twcc.(*SenderInterceptor).loop(0xc000a229c0, {0x25e1f20, 0xc001a94060})&#xA;&#x9;/root/go/pkg/mod/github.com/pion/interceptor@v0.1.42/pkg/twcc/sender_interceptor.go:190 +0x1b1&#xA;created by github.com/pion/interceptor/pkg/twcc.(*SenderInterceptor).BindRTCPWriter in goroutine 96&#xA;&#x9;/root/go/pkg/mod/github.com/pion/interceptor@v0.1.42/pkg/twcc/sender_interceptor.go:94 +0x27d&#xA;&#xA;goroutine 119 [select]:&#xA;github.com/pion/interceptor/pkg/nack.(*GeneratorInterceptor).loop(0xc0008606c0, {0x25e1f20, 0xc000051590})&#xA;&#x9;/root/go/pkg/mod/github.com/pion/interceptor@v0.1.42/pkg/nack/generator_interceptor.go:155 +0x5a5&#xA;created by github.com/pion/interceptor/pkg/nack.(*GeneratorInterceptor).BindRTCPWriter in goroutine 94&#xA;&#x9;/root/go/pkg/mod/github.com/pion/interceptor@v0.1.42/pkg/nack/generator_interceptor.go:84 +0x19d&#xA;&#xA;goroutine 120 [select]:&#xA;github.com/pion/interceptor/pkg/report.(*ReceiverInterceptor).loop(0xc0002d8150, {0x25e1f20, 0xc000051590})&#xA;&#x9;/root/go/pkg/mod/github.com/pion/interceptor@v0.1.42/pkg/report/receiver_interceptor.go:100 +0x32f&#xA;created by github.com/pion/interceptor/pkg/report.(*ReceiverInterceptor).BindRTCPWriter in goroutine 94&#xA;&#x9;/root/go/pkg/mod/github.com/pion/interceptor@v0.1.42/pkg/report/receiver_interceptor.go:89 +0x19d&#xA;&#xA;goroutine 121 [select]:&#xA;github.com/pion/interceptor/pkg/report.(*SenderInterceptor).loop(0xc000203e60, {0x25e1f20, 0xc000051590})&#xA;&#x9;/root/go/pkg/mod/github.com/pion/interceptor@v0.1.42/pkg/report/sender_interceptor.go:116 +0x3b7&#xA;created by github.com/pion/interceptor/pkg/report.(*SenderInterceptor).BindRTCPWriter in goroutine 94&#xA;&#x9;/root/go/pkg/mod/github.com/pion/interceptor@v0.1.42/pkg/report/sender_interceptor.go:100 +0x19d&#xA;&#xA;goroutine 122 [select, 9 minutes]:&#xA;github.com/pion/interceptor/pkg/twcc.(*SenderInterceptor).loop(0xc000860720, {0x25e1f20, 0xc00005b500})&#xA;&#x9;/root/go/pkg/mod/github.com/pion/interceptor@v0.1.42/pkg/twcc/sender_interceptor.go:190 +0x1b1&#xA;created by github.com/pion/interceptor/pkg/twcc.(*SenderInterceptor).BindRTCPWriter in goroutine 94&#xA;&#x9;/root/go/pkg/mod/github.com/pion/interceptor@v0.1.42/pkg/twcc/sender_interceptor.go:94 +0x27d&#xA;&#xA;goroutine 125 [select, 9 minutes]:&#xA;context.(*cancelCtx).propagateCancel.func2()&#xA;&#x9;/root/go/pkg/mod/golang.org/toolchain@v0.0.1-go1.27.0.linux-amd64/src/context/context.go:524 +0xdd&#xA;created by context.(*cancelCtx).propagateCancel in goroutine 124&#xA;&#x9;/root/go/pkg/mod/golang.org/toolchain@v0.0.1-go1.27.0.linux-amd64/src/context/context.go:523 +0x59a&#xA;&#xA;goroutine 124 [select, 9 minutes]:&#xA;github.com/pion/ice/v4/internal/taskloop.(*Loop).runLoop(0xc0019373e0, 0xc000051740)&#xA;&#x9;/root/go/pkg/mod/github.com/pion/ice/v4@v4.1.0/internal/taskloop/taskloop.go:55 +0x1c6&#xA;created by github.com/pion/ice/v4/internal/taskloop.New in goroutine 94&#xA;&#x9;/root/go/pkg/mod/github.com/pion/ice/v4@v4.1.0/internal/taskloop/taskloop.go:42 +0x1fd&#xA;&#xA;goroutine 162 [select, 9 minutes]:&#xA;github.com/pion/ice/v4.(*candidateBase).recvLoop(0xc0002fbe00, 0xc0000496c0)&#xA;&#x9;/root/go/pkg/mod/github.com/pion/ice/v4@v4.1.0/candidate_base.go:230 +0x197&#xA;created by github.com/pion/ice/v4.(*candidateBase).start in goroutine 124&#xA;&#x9;/root/go/pkg/mod/github.com/pion/ice/v4@v4.1.0/candidate_base.go:216 +0x245&#xA;FAIL&#x9;github.com/Apollogeddon/distribyted/internal/fs&#x9;600.056s&#xA;</failure>
		</testcase>
		<testcase classname="github.com/Apollogeddon/distribyted/internal/fs" name="TestContainer_Create_CallbackReentry" time="-0.000000">
			<failure message="Failed" type="">=== RUN   TestContainer_Create_CallbackReentry&#xA;=== PAUSE TestContainer_Create_CallbackReentry&#xA;</failure>
		</testcase>
		<testcase classname="github.com/Apollogeddon/distribyted/internal/fs" name="TestMemory" time="-0.000000">
			<failure message="Failed" type="">=== RUN   TestMemory&#xA;=== PAUSE TestMemory&#xA;</failure>
		</testcase>
		<testcase classname="github.com/Apollogeddon/distribyted/internal/fs" name="TestStorageAddFs" time="-0.000000">
			<failure message="Failed" type="">=== RUN   TestStorageAddFs&#xA;=== PAUSE TestStorageAddFs&#xA;</failure>
		</testcase>
		<testcase classname="github.com/Apollogeddon/distribyted/internal/fs" name="TestSupportedFactories" time="-0.000000">
			<failure message="Failed" type="">=== RUN   TestSupportedFactories&#xA;=== PAUSE TestSupportedFactories&#xA;</failure>
		</testcase>
		<testcase classname="github.com/Apollogeddon/distribyted/internal/fs" name="TestFileinfo" time="-0.000000">
			<failure message="Failed" type="">=== RUN   TestFileinfo&#xA;=== PAUSE TestFileinfo&#xA;</failure>
		</testcase>
		<testcase classname="github.com/Apollogeddon/distribyted/internal/fs" name="TestContainer_Link_CallbackReentry" time="-0.000000">
			<failure message="Failed" type="">=== RUN   TestContainer_Link_CallbackReentry&#xA;=== PAUSE TestContainer_Link_CallbackReentry&#xA;</failure>
		</testcase>
		<testcase classname="github.com/Apollogeddon/distribyted/internal/fs" name="TestContainer_Mkdir_CallbackReentry" time="-0.000000">
			<failure message="Failed" type="">=== RUN   TestContainer_Mkdir_CallbackReentry&#xA;=== PAUSE TestContainer_Mkdir_CallbackReentry&#xA;</failure>
		</testcase>
		<testcase classname="github.com/Apollogeddon/distribyted/internal/fs" name="TestStorageRemove" time="-0.000000">
			<failure message="Failed" type="">=== RUN   TestStorageRemove&#xA;=== PAUSE TestStorageRemove&#xA;</failure>
		</testcase>
		<testcase classname="github.com/Apollogeddon/distribyted/internal/fs" name="TestStorageWindowsPath" time="-0.000000">
			<failure message="Failed" type="">=== RUN   TestStorageWindowsPath&#xA;=== PAUSE TestStorageWindowsPath&#xA;</failure>
		</testcase>
		<testcase classname="github.com/Apollogeddon/distribyted/internal/fs" name="TestZipFilesystem" time="-0.000000">
			<failure message="Failed" type="">=== RUN   TestZipFilesystem&#xA;=== PAUSE TestZipFilesystem&#xA;</failure>
		</testcase>
		<testcase classname="github.com/Apollogeddon/distribyted/internal/fs" name="TestContainer_RemoveByHash_FiresLinkRemoved" time="-0.000000">
			<failure message="Failed" type="">=== RUN   TestContainer_RemoveByHash_FiresLinkRemoved&#xA;=== PAUSE TestContainer_RemoveByHash_FiresLinkRemoved&#xA;</failure>
		</testcase>
		<testcase classname="github.com/Apollogeddon/distribyted/internal/fs" name="TestContainer_RemoveByHash_CallbackReentry" time="-0.000000">
			<failure message="Failed" type="">=== RUN   TestContainer_RemoveByHash_CallbackReentry&#xA;=== PAUSE TestContainer_RemoveByHash_CallbackReentry&#xA;</failure>
		</testcase>
		<testcase classname="github.com/Apollogeddon/distribyted/internal/fs" name="TestTorrentFilesystem" time="-0.000000">
			<failure message="Failed" type="">=== RUN   TestTorrentFilesystem&#xA;[1.460s WRN github.com/anacrolix/torrent sources.go:42]&#xA;  msg=&#34;error using torrent source&#34; source=https://webtorrent.io/torrents/wired-cd.torrent err=&#34;Get \&#34;https://webtorrent.io/torrents/wired-cd.torrent\&#34;: dial tcp: lookup webtorrent.io on 8.8.8.8:53: no such host&#34; torrent.name=&#34;The WIRED CD - Rip. Sample. Mash. Share&#34; torrent.ih=a88fda5954e89178c372716a6a78b8180ed4dad3&#xA;[63.526s WRN github.com/anacrolix/torrent sources.go:42]&#xA;  msg=&#34;error using torrent source&#34; source=https://webtorrent.io/torrents/wired-cd.torrent err=&#34;Get \&#34;https://webtorrent.io/torrents/wired-cd.torrent\&#34;: dial tcp: lookup webtorrent.io on 8.8.8.8:53: no such host&#34; torrent.name=&#34;The WIRED CD - Rip. Sample. Mash. Share&#34; torrent.ih=a88fda5954e89178c372716a6a78b8180ed4dad3&#xA;[130.122s WRN github.com/anacrolix/torrent sources.go:42]&#xA;  msg=&#34;error using torrent source&#34; source=https://webtorrent.io/torrents/wired-cd.torrent err=&#34;Get \&#34;https://webtorrent.io/torrents/wired-cd.torrent\&#34;: dial tcp: lookup webtorrent.io on 8.8.8.8:53: no such host&#34; torrent.name=&#34;The WIRED CD - Rip. Sample. Mash. Share&#34; torrent.ih=a88fda5954e89178c372716a6a78b8180ed4dad3&#xA;[237.495s WRN github.com/anacrolix/torrent sources.go:42]&#xA;  msg=&#34;error using torrent source&#34; source=https://webtorrent.io/torrents/wired-cd.torrent err=&#34;Get \&#34;https://webtorrent.io/torrents/wired-cd.torrent\&#34;: dial tcp: lookup webtorrent.io on 8.8.8.8:53: no such host&#34; torrent.name=&#34;The WIRED CD - Rip. Sample. Mash. Share&#34; torrent.ih=a88fda5954e89178c372716a6a78b8180ed4dad3&#xA;[300.718s WRN github.com/anacrolix/torrent sources.go:42]&#xA;  msg=&#34;error using torrent source&#34; source=https://webtorrent.io/torrents/wired-cd.torrent err=&#34;Get \&#34;https://webtorrent.io/torrents/wired-cd.torrent\&#34;: dial tcp: lookup webtorrent.io on 8.8.8.8:53: no such host&#34; torrent.name=&#34;The WIRED CD - Rip. Sample. Mash. Share&#34; torrent.ih=a88fda5954e89178c372716a6a78b8180ed4dad3&#xA;[369.991s WRN github.com/anacrolix/torrent sources.go:42]&#xA;  msg=&#34;error using torrent source&#34; source=https://webtorrent.io/torrents/wired-cd.torrent err=&#34;Get \&#34;https://webtorrent.io/torrents/wired-cd.torrent\&#34;: dial tcp: lookup webtorrent.io on 8.8.8.8:53: no such host&#34; torrent.name=&#34;The WIRED CD - Rip. Sample. Mash. Share&#34; torrent.ih=a88fda5954e89178c372716a6a78b8180ed4dad3&#xA;[443.697s WRN github.com/anacrolix/torrent sources.go:42]&#xA;  msg=&#34;error using torrent source&#34; source=https://webtorrent.io/torrents/wired-cd.torrent err=&#34;Get \&#34;https://webtorrent.io/torrents/wired-cd.torrent\&#34;: dial tcp: lookup webtorrent.io on 8.8.8.8:53: no such host&#34; torrent.name=&#34;The WIRED CD - Rip. Sample. Mash. Share&#34; torrent.ih=a88fda5954e89178c372716a6a78b8180ed4dad3&#xA;[543.810s WRN github.com/anacrolix/torrent sources.go:42]&#xA;  msg=&#34;error using torrent source&#34; source=https://webtorrent.io/torrents/wired-cd.torrent err=&#34;Get \&#34;https://webtorrent.io/torrents/wired-cd.torrent\&#34;: dial tcp: lookup webtorrent.io on 8.8.8.8:53: no such host&#34; torrent.name=&#34;The WIRED CD - Rip. Sample. Mash. Share&#34; torrent.ih=a88fda5954e89178c372716a6a78b8180ed4dad3&#xA;coverage: 41.8% of statements&#xA;</failure>
		</testcase>
		<testcase classname="github.com/Apollogeddon/distribyted/internal/fs" name="TestContainer" time="-0.000000">
			<failure message="Failed" type="">=== RUN   TestContainer&#xA;=== PAUSE TestContainer&#xA;</failure>
		</testcase>
		<testcase classname="github.com/Apollogeddon/distribyted/internal/fs" name="TestContainer_LastReferenceRemoved" time="-0.000000">
			<failure message="Failed" type="">=== RUN   TestContainer_LastReferenceRemoved&#xA;=== PAUSE TestContainer_LastReferenceRemoved&#xA;</failure>
		</testcase>
		<testcase classname="github.com/Apollogeddon/distribyted/internal/fs" name="TestContainer_LastReferenceRemoved_CallbackReentry" time="-0.000000">
			<failure message="Failed" type="">=== RUN   TestContainer_LastReferenceRemoved_CallbackReentry&#xA;=== PAUSE TestContainer_LastReferenceRemoved_CallbackReentry&#xA;</failure>
		</testcase>
		<testcase classname="github.com/Apollogeddon/distribyted/internal/fs" name="TestContainer_RemoveByHash_DoesNotFireLastRef" time="-0.000000">
			<failure message="Failed" type="">=== RUN   TestContainer_RemoveByHash_DoesNotFireLastRef&#xA;=== PAUSE TestContainer_RemoveByHash_DoesNotFireLastRef&#xA;</failure>
		</testcase>
		<testcase classname="github.com/Apollogeddon/distribyted/internal/fs" name="TestContainer_Rmdir_CallbackReentry" time="-0.000000">
			<failure message="Failed" type="">=== RUN   TestContainer_Rmdir_CallbackReentry&#xA;=== PAUSE TestContainer_Rmdir_CallbackReentry&#xA;</failure>
		</testcase>
		<testcase classname="github.com/Apollogeddon/distribyted/internal/fs" name="TestContainer_RemoveHashlessFileDoesNotCascade" time="-0.000000">
			<failure message="Failed" type="">=== RUN   TestContainer_RemoveHashlessFileDoesNotCascade&#xA;=== PAUSE TestContainer_RemoveHashlessFileDoesNotCascade&#xA;</failure>
		</testcase>
		<testcase classname="github.com/Apollogeddon/distribyted/internal/fs" name="TestDir" time="-0.000000">
			<failure message="Failed" type="">=== RUN   TestDir&#xA;=== PAUSE TestDir&#xA;</failure>
		</testcase>
		<testcase classname="github.com/Apollogeddon/distribyted/internal/fs" name="TestStorage" time="-0.000000">
			<failure message="Failed" type="">=== RUN   TestStorage&#xA;=== PAUSE TestStorage&#xA;</failure>
		</testcase>
		<testcase classname="github.com/Apollogeddon/distribyted/internal/fs" name="TestContainer_Rename_CallbackReentry" time="-0.000000">
			<failure message="Failed" type="">=== RUN   TestContainer_Rename_CallbackReentry&#xA;=== PAUSE TestContainer_Rename_CallbackReentry&#xA;</failure>
		</testcase>
		<testcase classname="github.com/Apollogeddon/distribyted/internal/fs" name="TestZipFilesystem_Empty" time="0.000000"></testcase>
		<testcase classname="github.com/Apollogeddon/distribyted/internal/fs" name="TestRecursiveZipFilesystem" time="0.000000"></testcase>
		<testcase classname="github.com/Apollogeddon/distribyted/internal/fs" name="TestZipFilesystem_Corrupted" time="0.000000"></testcase>
		<testcase classname="github.com/Apollogeddon/distribyted/internal/fs" name="TestRarFilesystem_Corrupted" time="0.000000"></testcase>
		<testcase classname="github.com/Apollogeddon/distribyted/internal/fs" name="TestSevenZipFilesystem_Corrupted" time="0.000000"></testcase>
		<testcase classname="github.com/Apollogeddon/distribyted/internal/fs" name="TestZipFilesystem_CorruptedErrorPersists" time="0.000000"></testcase>
		<testcase classname="github.com/Apollogeddon/distribyted/internal/fs" name="TestBehavior_ReadSeekConsistency" time="0.000000"></testcase>
		<testcase classname="github.com/Apollogeddon/distribyted/internal/fs" name="TestBehavior_HardLinks" time="0.000000"></testcase>
		<testcase classname="github.com/Apollogeddon/distribyted/internal/fs" name="TestBehavior_RestartReset" time="0.000000"></testcase>
		<testcase classname="github.com/Apollogeddon/distribyted/internal/fs" name="TestBehavior_ReadSeek" time="0.000000"></testcase>
		<testcase classname="github.com/Apollogeddon/distribyted/internal/fs" name="TestBehavior_DirectoryRecursion" time="0.000000"></testcase>
		<testcase classname="github.com/Apollogeddon/distribyted/internal/fs" name="TestBehavior_PathResolution" time="0.000000"></testcase>
		<testcase classname="github.com/Apollogeddon/distribyted/internal/fs" name="TestBehavior_ConcurrentAccess" time="0.030000"></testcase>
		<testcase classname="github.com/Apollogeddon/distribyted/internal/fs" name="TestBehavior_OOM_MassiveTorrent" time="1.400000"></testcase>
		<testcase classname="github.com/Apollogeddon/distribyted/internal/fs" name="TestContainerFs_Mutation" time="0.000000"></testcase>
		<testcase classname="github.com/Apollogeddon/distribyted/internal/fs" name="TestContainerFs_Links" time="0.000000"></testcase>
		<testcase classname="github.com/Apollogeddon/distribyted/internal/fs" name="TestStorageGetFileFromFs_SiblingPrefixCollision" time="0.000000"></testcase>
		<testcase classname="github.com/Apollogeddon/distribyted/internal/fs" name="TestStorageGetFileFromFs_NestedMountLongestMatch" time="0.000000"></testcase>
		<testcase classname="github.com/Apollogeddon/distribyted/internal/fs" name="TestStorageRemoveByHash" time="0.000000"></testcase>
		<testcase classname="github.com/Apollogeddon/distribyted/internal/fs" name="TestStorageRemoveByHash_MultipleEntries" time="0.000000"></testcase>
		<testcase classname="github.com/Apollogeddon/distribyted/internal/fs" name="TestStorageRemovePaths_PrunesEmptyParent" time="0.000000"></testcase>
		<testcase classname="github.com/Apollogeddon/distribyted/internal/fs" name="TestStorageHasHash" time="0.000000"></testcase>
	</testsuite>
	<testsuite tests="12" failures="0" skipped="2" time="1.160000" name="github.com/Apollogeddon/distribyted/internal/fuse" timestamp="2026-10-09T07:16:31Z">
		<properties>
			<property name="go.version" value="go1.27.0 linux/amd64"></property>
		</properties>
		<testcase classname="github.com/Apollogeddon/distribyted/internal/fuse" name="TestHandler" time="0.000000">
			<skipped message="=== RUN   TestHandler&#xA;    mount_test.go:17: test for windows only&#xA;--- SKIP: TestHandler (0.00s)&#xA;"></skipped>
		</testcase>
		<testcase classname="github.com/Apollogeddon/distribyted/internal/fuse" name="TestHandlerDriveLetter" time="0.000000">
			<skipped message="=== RUN   TestHandlerDriveLetter&#xA;    mount_test.go:17: test for windows only&#xA;--- SKIP: TestHandlerDriveLetter (0.00s)&#xA;"></skipped>
		</testcase>
		<testcase classname="github.com/Apollogeddon/distribyted/internal/fuse" name="TestFS_Unit/Statfs" time="0.000000"></testcase>
		<testcase classname="github.com/Apollogeddon/distribyted/internal/fuse" name="TestFS_Unit/Getattr_Root" time="0.000000"></testcase>
		<testcase classname="github.com/Apollogeddon/distribyted/internal/fuse" name="TestFS_Unit/Getattr_File" time="0.000000"></testcase>
		<testcase classname="github.com/Apollogeddon/distribyted/internal/fuse" name="TestFS_Unit/Open_and_Read" time="0.000000"></testcase>
		<testcase classname="github.com/Apollogeddon/distribyted/internal/fuse" name="TestFS_Unit/Readdir" time="0.000000"></testcase>
		<testcase classname="github.com/Apollogeddon/distribyted/internal/fuse" name="TestFS_Unit/Mutation_Ops" time="0.000000"></testcase>
		<testcase classname="github.com/Apollogeddon/distribyted/internal/fuse" name="TestFS_Unit/Non-existent_file" time="0.000000"></testcase>
		<testcase classname="github.com/Apollogeddon/distribyted/internal/fuse" name="TestFS_Unit" time="0.000000"></testcase>
		<testcase classname="github.com/Apollogeddon/distribyted/internal/fuse" name="TestHandler_Lifecycle" time="0.100000"></testcase>
		<testcase classname="github.com/Apollogeddon/distribyted/internal/fuse" name="TestHandler_Unmount_Nil" time="0.000000"></testcase>
	</testsuite>
	<testsuite tests="75" failures="0" time="1.354000" name="github.com/Apollogeddon/distribyted/internal/http" timestamp="2026-10-09T07:16:33Z">
		<properties>
			<property name="go.version" value="go1.27.0 linux/amd64"></property>
		</properties>
		<testcase classname="github.com/Apollogeddon/distribyted/internal/http" name="TestApiStatusHandler" time="0.000000"></testcase>
		<testcase classname="github.com/Apollogeddon/distribyted/internal/http" name="TestApiServersHandler" time="0.000000"></testcase>
		<testcase classname="github.com/Apollogeddon/distribyted/internal/http" name="TestApiRoutesHandler" time="0.010000"></testcase>
		<testcase classname="github.com/Apollogeddon/distribyted/internal/http" name="TestApiAddTorrentHandler" time="0.000000"></testcase>
		<testcase classname="github.com/Apollogeddon/distribyted/internal/http" name="TestApiLogHandler" time="0.000000"></testcase>
		<testcase classname="github.com/Apollogeddon/distribyted/internal/http" name="TestApiAddTorrentHandlerInvalidJson" time="0.000000"></testcase>
		<testcase classname="github.com/Apollogeddon/distribyted/internal/http" name="TestApiDelTorrentHandler" time="0.010000"></testcase>
		<testcase classname="github.com/Apollogeddon/distribyted/internal/http" name="TestApiListLinksHandler" time="0.010000"></testcase>
		<testcase classname="github.com/Apollogeddon/distribyted/internal/http" name="TestApiListLinksHandler_Empty" time="0.000000"></testcase>
		<testcase classname="github.com/Apollogeddon/distribyted/internal/http" name="TestApiListLinksHandler_ResolvesRoute" time="0.000000"></testcase>
		<testcase classname="github.com/Apollogeddon/distribyted/internal/http" name="TestApiListLinksHandler_Error" time="0.000000"></testcase>
		<testcase classname="github.com/Apollogeddon/distribyted/internal/http" name="TestApiAddLinkHandler" time="0.010000"></testcase>
		<testcase classname="github.com/Apollogeddon/distribyted/internal/http" name="TestApiAddLinkHandler_MissingField" time="0.000000"></testcase>
		<testcase classname="github.com/Apollogeddon/distribyted/internal/http" name="TestApiAddLinkHandler_SourceNotFound" time="0.000000"></testcase>
		<testcase classname="github.com/Apollogeddon/distribyted/internal/http" name="TestApiAddLinkHandler_DestExists" time="0.000000"></testcase>
		<testcase classname="github.com/Apollogeddon/distribyted/internal/http" name="TestApiDelLinkHandler" time="0.000000"></testcase>
		<testcase classname="github.com/Apollogeddon/distribyted/internal/http" name="TestApiDelLinkHandler_RootRejected" time="0.000000"></testcase>
		<testcase classname="github.com/Apollogeddon/distribyted/internal/http" name="TestApiDelLinkHandler_OrphanedRecordSelfHeals" time="0.010000"></testcase>
		<testcase classname="github.com/Apollogeddon/distribyted/internal/http" name="TestApiDelLinkHandler_OtherErrorsStillFail" time="0.000000"></testcase>
		<testcase classname="github.com/Apollogeddon/distribyted/internal/http" name="TestApiDelLinkHandler_UnknownPathNotFound" time="0.010000"></testcase>
		<testcase classname="github.com/Apollogeddon/distribyted/internal/http" name="TestApiFsListHandler" time="0.000000"></testcase>
		<testcase classname="github.com/Apollogeddon/distribyted/internal/http" name="TestApiFsListHandler_NotFound" time="0.000000"></testcase>
		<testcase classname="github.com/Apollogeddon/distribyted/internal/http" name="TestApiFsDeleteHandler" time="0.000000"></testcase>
		<testcase classname="github.com/Apollogeddon/distribyted/internal/http" name="TestApiFsDeleteHandler_RouteContentNotFound" time="0.000000"></testcase>
		<testcase classname="github.com/Apollogeddon/distribyted/internal/http" name="TestApiFsMkdirHandler" time="0.000000"></testcase>
		<testcase classname="github.com/Apollogeddon/distribyted/internal/http" name="TestApiFsRenameHandler_RejectsUnownedPath" time="0.000000"></testcase>
		<testcase classname="github.com/Apollogeddon/distribyted/internal/http" name="TestApiFsRenameHandler" time="0.000000"></testcase>
		<testcase classname="github.com/Apollogeddon/distribyted/internal/http" name="TestQBitTorrentsAddHandler" time="0.000000"></testcase>
		<testcase classname="github.com/Apollogeddon/distribyted/internal/http" name="TestQBitTorrentsDeleteHandler" time="0.000000"></testcase>
		<testcase classname="github.com/Apollogeddon/distribyted/internal/http" name="TestApiAddTorrentHandlerError" time="0.000000"></testcase>
		<testcase classname="github.com/Apollogeddon/distribyted/internal/http" name="TestQBitCategoryIsolation" time="0.010000"></testcase>
		<testcase classname="github.com/Apollogeddon/distribyted/internal/http" name="TestQBitTorrentsCategoriesFlow" time="0.000000"></testcase>
		<testcase classname="github.com/Apollogeddon/distribyted/internal/http" name="TestQBitTorrentsInfoWithData" time="0.010000"></testcase>
		<testcase classname="github.com/Apollogeddon/distribyted/internal/http" name="TestQBitTransferInfoWithData" time="0.000000"></testcase>
		<testcase classname="github.com/Apollogeddon/distribyted/internal/http" name="TestApiDelTorrentHandlerError" time="0.000000"></testcase>
		<testcase classname="github.com/Apollogeddon/distribyted/internal/http" name="TestQBitWebapiVersionHandler" time="0.000000"></testcase>
		<testcase classname="github.com/Apollogeddon/distribyted/internal/http" name="TestQBitLoginHandler" time="0.000000"></testcase>
		<testcase classname="github.com/Apollogeddon/distribyted/internal/http" name="TestQBitAppVersionHandler" time="0.000000"></testcase>
		<testcase classname="github.com/Apollogeddon/distribyted/internal/http" name="TestQBitAppPreferencesHandler" time="0.000000"></testcase>
		<testcase classname="github.com/Apollogeddon/distribyted/internal/http" name="TestQBitAppSetPreferencesHandler" time="0.000000"></testcase>
		<testcase classname="github.com/Apollogeddon/distribyted/internal/http" name="TestQBitTransferInfoHandler" time="0.000000"></testcase>
		<testcase classname="github.com/Apollogeddon/distribyted/internal/http" name="TestQBitTorrentsInfoHandler" time="0.000000"></testcase>
		<testcase classname="github.com/Apollogeddon/distribyted/internal/http" name="TestQBitTorrentsCategoriesHandler" time="0.000000"></testcase>
		<testcase classname="github.com/Apollogeddon/distribyted/internal/http" name="TestQBitTorrentsCreateCategoryHandler" time="0.000000"></testcase>
		<testcase classname="github.com/Apollogeddon/distribyted/internal/http" name="TestQBitTorrentsMockHandler" time="0.000000"></testcase>
		<testcase classname="github.com/Apollogeddon/distribyted/internal/http" name="TestWebHandlers" time="0.010000"></testcase>
		<testcase classname="github.com/Apollogeddon/distribyted/internal/http" name="TestQBitLogin_Success" time="0.000000"></testcase>
		<testcase classname="github.com/Apollogeddon/distribyted/internal/http" name="TestQBitLogin_Failure" time="0.000000"></testcase>
		<testcase classname="github.com/Apollogeddon/distribyted/internal/http" name="TestQBitProtected_NoSessionIs403//api/v2/torrents/info" time="0.000000"></testcase>
		<testcase classname="github.com/Apollogeddon/distribyted/internal/http" name="TestQBitProtected_NoSessionIs403//api/v2/sync/maindata" time="0.000000"></testcase>
		<testcase classname="github.com/Apollogeddon/distribyted/internal/http" name="TestQBitProtected_NoSessionIs403//api/v2/torrents/add" time="0.000000"></testcase>
		<testcase classname="github.com/Apollogeddon/distribyted/internal/http" name="TestQBitProtected_NoSessionIs403//api/v2/app/webapiVersion" time="0.000000"></testcase>
		<testcase classname="github.com/Apollogeddon/distribyted/internal/http" name="TestQBitProtected_NoSessionIs403" time="0.000000"></testcase>
		<testcase classname="github.com/Apollogeddon/distribyted/internal/http" name="TestQBitArrCookieFlow" time="0.020000"></testcase>
		<testcase classname="github.com/Apollogeddon/distribyted/internal/http" name="TestQBitLogout" time="0.010000"></testcase>
		<testcase classname="github.com/Apollogeddon/distribyted/internal/http" name="TestLoginPage_Get" time="0.000000"></testcase>
		<testcase classname="github.com/Apollogeddon/distribyted/internal/http" name="TestLogin_Success" time="0.000000"></testcase>
		<testcase classname="github.com/Apollogeddon/distribyted/internal/http" name="TestLogin_Failure" time="0.000000"></testcase>
		<testcase classname="github.com/Apollogeddon/distribyted/internal/http" name="TestLogout" time="0.010000"></testcase>
		<testcase classname="github.com/Apollogeddon/distribyted/internal/http" name="TestWebUI_RequiresAuth" time="0.020000"></testcase>
		<testcase classname="github.com/Apollogeddon/distribyted/internal/http" name="TestHTTPFS_RequiresAuth" time="0.000000"></testcase>
		<testcase classname="github.com/Apollogeddon/distribyted/internal/http" name="TestUnsetCredentialsFailClosed" time="0.000000"></testcase>
		<testcase classname="github.com/Apollogeddon/distribyted/internal/http" name="TestAuthDisabled_AllowsEverything" time="0.000000"></testcase>
		<testcase classname="github.com/Apollogeddon/distribyted/internal/http" name="TestSessionStore" time="0.010000"></testcase>
		<testcase classname="github.com/Apollogeddon/distribyted/internal/http" name="TestQBitCompatibility/AppVersion" time="0.000000"></testcase>
		<testcase classname="github.com/Apollogeddon/distribyted/internal/http" name="TestQBitCompatibility/PreferencesFields" time="0.000000"></testcase>
		<testcase classname="github.com/Apollogeddon/distribyted/internal/http" name="TestQBitCompatibility/TorrentsInfoSchema" time="0.000000"></testcase>
		<testcase classname="github.com/Apollogeddon/distribyted/internal/http" name="TestQBitCompatibility" time="0.000000"></testcase>
		<testcase classname="github.com/Apollogeddon/distribyted/internal/http" name="TestQBitTorrentStructSerialization" time="0.000000"></testcase>
		<testcase classname="github.com/Apollogeddon/distribyted/internal/http" name="TestQBitTorrentsMockEndpoints//api/v2/torrents/createCategory" time="0.000000"></testcase>
		<testcase classname="github.com/Apollogeddon/distribyted/internal/http" name="TestQBitTorrentsMockEndpoints//api/v2/torrents/setCategory" time="0.000000"></testcase>
		<testcase classname="github.com/Apollogeddon/distribyted/internal/http" name="TestQBitTorrentsMockEndpoints//api/v2/torrents/addTags" time="0.000000"></testcase>
		<testcase classname="github.com/Apollogeddon/distribyted/internal/http" name="TestQBitTorrentsMockEndpoints//api/v2/torrents/pause" time="0.000000"></testcase>
		<testcase classname="github.com/Apollogeddon/distribyted/internal/http" name="TestQBitTorrentsMockEndpoints//api/v2/torrents/resume" time="0.000000"></testcase>
		<testcase classname="github.com/Apollogeddon/distribyted/internal/http" name="TestQBitTorrentsMockEndpoints" time="0.000000"></testcase>
	</testsuite>
	<testsuite tests="3" failures="0" time="1.039000" name="github.com/Apollogeddon/distribyted/internal/iio" timestamp="2026-10-09T07:16:34Z">
		<properties>
			<property name="go.version" value="go1.27.0 linux/amd64"></property>
		</properties>
		<testcase classname="github.com/Apollogeddon/distribyted/internal/iio" name="TestSeekerWrapper" time="0.000000"></testcase>
		<testcase classname="github.com/Apollogeddon/distribyted/internal/iio" name="TestReadDataEOF" time="0.000000"></testcase>
		<testcase classname="github.com/Apollogeddon/distribyted/internal/iio" name="TestReadData" time="0.000000"></testcase>
	</testsuite>
	<testsuite tests="7" failures="0" time="1.026000" name="github.com/Apollogeddon/distribyted/internal/log" timestamp="2026-10-09T07:16:34Z">
		<properties>
			<property name="go.version" value="go1.27.0 linux/amd64"></property>
		</properties>
		<testcase classname="github.com/Apollogeddon/distribyted/internal/log" name="TestBadgerLogger" time="0.000000"></testcase>
		<testcase classname="github.com/Apollogeddon/distribyted/internal/log" name="TestTorrentLogger" time="0.000000"></testcase>
		<testcase classname="github.com/Apollogeddon/distribyted/internal/log" name="TestLogger" time="0.000000"></testcase>
		<testcase classname="github.com/Apollogeddon/distribyted/internal/log" name="TestLoad" time="0.000000"></testcase>
		<testcase classname="github.com/Apollogeddon/distribyted/internal/log" name="TestLoad_NoDebug" time="0.000000"></testcase>
		<testcase classname="github.com/Apollogeddon/distribyted/internal/log" name="TestLoad_WithUncreatableLogPath" time="0.000000"></testcase>
		<testcase classname="github.com/Apollogeddon/distribyted/internal/log" name="TestNewRollingFile" time="0.000000"></testcase>
	</testsuite>
	<testsuite tests="22" failures="0" skipped="1" time="64.105000" name="github.com/Apollogeddon/distribyted/internal/testenv" timestamp="2026-10-09T07:16:34Z">
		<properties>
			<property name="go.version" value="go1.27.0 linux/amd64"></property>
		</properties>
		<testcase classname="github.com/Apollogeddon/distribyted/internal/testenv" name="TestFlakyStorage_PermanentFailure" time="0.000000">
			<skipped message="=== RUN   TestFlakyStorage_PermanentFailure&#xA;    flaky_storage_test.go:163: intentionally not run — see doc comment: this scenario spins the real library forever and can only be bounded by a library patch, not by this package alone&#xA;--- SKIP: TestFlakyStorage_PermanentFailure (0.00s)&#xA;"></skipped>
		</testcase>
		<testcase classname="github.com/Apollogeddon/distribyted/internal/testenv" name="TestFlakyStorage_HealableFailureRecoversWithoutHanging" time="0.160000"></testcase>
		<testcase classname="github.com/Apollogeddon/distribyted/internal/testenv" name="TestIntegration_P2P_Fetch" time="0.060000"></testcase>
		<testcase classname="github.com/Apollogeddon/distribyted/internal/testenv" name="TestIntegration_ArchiveTransparency" time="0.040000"></testcase>
		<testcase classname="github.com/Apollogeddon/distribyted/internal/testenv" name="TestIntegration_MultiProtocolConsistency" time="0.050000"></testcase>
		<testcase classname="github.com/Apollogeddon/distribyted/internal/testenv" name="TestIntegration_LiveServerUpdates" time="1.250000"></testcase>
		<testcase classname="github.com/Apollogeddon/distribyted/internal/testenv" name="TestIntegration_CacheEviction" time="0.290000"></testcase>
		<testcase classname="github.com/Apollogeddon/distribyted/internal/testenv" name="TestIntegration_P2PStall" time="2.760000"></testcase>
		<testcase classname="github.com/Apollogeddon/distribyted/internal/testenv" name="TestIntegration_ThunderingHerd_MediaSeeking" time="0.870000"></testcase>
		<testcase classname="github.com/Apollogeddon/distribyted/internal/testenv" name="TestIntegration_RemoteSeeding" time="0.260000"></testcase>
		<testcase classname="github.com/Apollogeddon/distribyted/internal/testenv" name="TestIntegration_ArrWorkflow" time="0.030000"></testcase>
		<testcase classname="github.com/Apollogeddon/distribyted/internal/testenv" name="TestIntegration_DiskSpaceExhaustion" time="0.140000"></testcase>
		<testcase classname="github.com/Apollogeddon/distribyted/internal/testenv" name="TestBehavior_Persistence_MagnetsAndLinks" time="2.270000"></testcase>
		<testcase classname="github.com/Apollogeddon/distribyted/internal/testenv" name="TestBehavior_Persistence_Pieces" time="2.380000"></testcase>
		<testcase classname="github.com/Apollogeddon/distribyted/internal/testenv" name="TestRegression_VFS_Concurrency" time="11.210000"></testcase>
		<testcase classname="github.com/Apollogeddon/distribyted/internal/testenv" name="TestRegression_ThunderingHerd" time="10.260000"></testcase>
		<testcase classname="github.com/Apollogeddon/distribyted/internal/testenv" name="TestRegression_HardlinkDeleteCascadesTorrentRemoval" time="0.100000"></testcase>
		<testcase classname="github.com/Apollogeddon/distribyted/internal/testenv" name="TestRegression_LinksAPIEndToEnd" time="0.040000"></testcase>
		<testcase classname="github.com/Apollogeddon/distribyted/internal/testenv" name="TestRegression_TorrentDeleteRemovesLinkRecords" time="0.100000"></testcase>
		<testcase classname="github.com/Apollogeddon/distribyted/internal/testenv" name="TestThrottledDialer_HTTPDialContext_ThrottlesWebseedFetches" time="7.010000"></testcase>
		<testcase classname="github.com/Apollogeddon/distribyted/internal/testenv" name="TestNewTestAppThrottledWebseed_Constructs" time="0.010000"></testcase>
		<testcase classname="github.com/Apollogeddon/distribyted/internal/testenv" name="TestWebseedDropPanic_Repro" time="23.690000"></testcase>
	</testsuite>
	<testsuite tests="56" failures="0" skipped="1" time="6.699000" name="github.com/Apollogeddon/distribyted/internal/torrent" timestamp="2026-10-09T07:16:35Z">
		<properties>
			<property name="go.version" value="go1.27.0 linux/amd64"></property>
		</properties>
		<testcase classname="github.com/Apollogeddon/distribyted/internal/torrent" name="TestServer_Start_UnreadableSubdir" time="0.000000">
			<skipped message="=== RUN   TestServer_Start_UnreadableSubdir&#xA;    server_test.go:106: root ignores permission bits&#xA;--- SKIP: TestServer_Start_UnreadableSubdir (0.00s)&#xA;"></skipped>
		</testcase>
		<testcase classname="github.com/Apollogeddon/distribyted/internal/torrent" name="TestNewClient" time="0.020000"></testcase>
		<testcase classname="github.com/Apollogeddon/distribyted/internal/torrent" name="TestNewClient_InvalidIP" time="0.000000"></testcase>
		<testcase classname="github.com/Apollogeddon/distribyted/internal/torrent" name="TestHTTPFS_Open" time="0.000000"></testcase>
		<testcase classname="github.com/Apollogeddon/distribyted/internal/torrent" name="TestHTTPFS_OpenNotFound" time="0.000000"></testcase>
		<testcase classname="github.com/Apollogeddon/distribyted/internal/torrent" name="TestGetOrCreatePeerID" time="0.000000"></testcase>
		<testcase classname="github.com/Apollogeddon/distribyted/internal/torrent" name="TestGetOrCreatePeerID_InvalidFile" time="0.000000"></testcase>
		<testcase classname="github.com/Apollogeddon/distribyted/internal/torrent" name="TestServer_StartAndWatch" time="2.510000"></testcase>
		<testcase classname="github.com/Apollogeddon/distribyted/internal/torrent" name="TestServer_Trackers" time="0.000000"></testcase>
		<testcase classname="github.com/Apollogeddon/distribyted/internal/torrent" name="TestServer_CloseNil" time="0.000000"></testcase>
		<testcase classname="github.com/Apollogeddon/distribyted/internal/torrent" name="TestServer_WalkFuncSkipsErrors" time="0.000000"></testcase>
		<testcase classname="github.com/Apollogeddon/distribyted/internal/torrent" name="TestServer_Start_InvalidPath" time="0.000000"></testcase>
		<testcase classname="github.com/Apollogeddon/distribyted/internal/torrent" name="TestService_Load_Full" time="0.000000"></testcase>
		<testcase classname="github.com/Apollogeddon/distribyted/internal/torrent" name="TestService_Load_ReturnsSnapshot" time="0.000000"></testcase>
		<testcase classname="github.com/Apollogeddon/distribyted/internal/torrent" name="TestService_Load" time="0.010000"></testcase>
		<testcase classname="github.com/Apollogeddon/distribyted/internal/torrent" name="TestService_addTorrent_Timeout" time="1.000000"></testcase>
		<testcase classname="github.com/Apollogeddon/distribyted/internal/torrent" name="TestService_RemoveFromHash" time="0.000000"></testcase>
		<testcase classname="github.com/Apollogeddon/distribyted/internal/torrent" name="TestService_Listeners" time="0.000000"></testcase>
		<testcase classname="github.com/Apollogeddon/distribyted/internal/torrent" name="TestService_AddRoute_ListenerReentry" time="0.000000"></testcase>
		<testcase classname="github.com/Apollogeddon/distribyted/internal/torrent" name="TestService_AddLink" time="0.000000"></testcase>
		<testcase classname="github.com/Apollogeddon/distribyted/internal/torrent" name="TestService_PublicMethods" time="1.000000"></testcase>
		<testcase classname="github.com/Apollogeddon/distribyted/internal/torrent" name="TestService_LinkCallbacks" time="0.000000"></testcase>
		<testcase classname="github.com/Apollogeddon/distribyted/internal/torrent" name="TestService_RemoveFromHashOnly" time="0.000000"></testcase>
		<testcase classname="github.com/Apollogeddon/distribyted/internal/torrent" name="TestService_addTorrent_TimeoutError" time="1.000000"></testcase>
		<testcase classname="github.com/Apollogeddon/distribyted/internal/torrent" name="TestService_logSwarmHealth_NoPanic" time="0.000000"></testcase>
		<testcase classname="github.com/Apollogeddon/distribyted/internal/torrent" name="TestService_ConcurrentMagnetAdds" time="0.000000"></testcase>
		<testcase classname="github.com/Apollogeddon/distribyted/internal/torrent" name="TestStats/Get_Stats" time="0.000000"></testcase>
		<testcase classname="github.com/Apollogeddon/distribyted/internal/torrent" name="TestStats/Routes_Stats" time="0.000000"></testcase>
		<testcase classname="github.com/Apollogeddon/distribyted/internal/torrent" name="TestStats/Global_Stats" time="0.000000"></testcase>
		<testcase classname="github.com/Apollogeddon/distribyted/internal/torrent" name="TestStats/Get_All_Torrents" time="0.000000"></testcase>
		<testcase classname="github.com/Apollogeddon/distribyted/internal/torrent" name="TestStats/Get_Route_From_Hash" time="0.000000"></testcase>
		<testcase classname="github.com/Apollogeddon/distribyted/internal/torrent" name="TestStats/Delete" time="0.000000"></testcase>
		<testcase classname="github.com/Apollogeddon/distribyted/internal/torrent" name="TestStats" time="0.000000"></testcase>
		<testcase classname="github.com/Apollogeddon/distribyted/internal/torrent" name="TestStats_AgeSeconds" time="0.000000"></testcase>
		<testcase classname="github.com/Apollogeddon/distribyted/internal/torrent" name="TestStats_Sorting" time="0.000000"></testcase>
		<testcase classname="github.com/Apollogeddon/distribyted/internal/torrent" name="TestStats_PieceStatus" time="0.000000"></testcase>
		<testcase classname="github.com/Apollogeddon/distribyted/internal/torrent" name="TestStats_Measurements" time="0.000000"></testcase>
		<testcase classname="github.com/Apollogeddon/distribyted/internal/torrent" name="TestFileItemStore" time="0.020000"></testcase>
		<testcase classname="github.com/Apollogeddon/distribyted/internal/torrent" name="TestFileItemStore_InMemory" time="0.010000"></testcase>
		<testcase classname="github.com/Apollogeddon/distribyted/internal/torrent" name="TestFileItemStore_MultipleItems" time="0.020000"></testcase>
		<testcase classname="github.com/Apollogeddon/distribyted/internal/torrent" name="TestFileItemStore_CloseSafety" time="0.020000"></testcase>
		<testcase classname="github.com/Apollogeddon/distribyted/internal/torrent" name="TestFileItemStore_Del" time="0.020000"></testcase>
		<testcase classname="github.com/Apollogeddon/distribyted/internal/torrent" name="TestTimings_Added_TracksEntryOnce" time="0.000000"></testcase>
		<testcase classname="github.com/Apollogeddon/distribyted/internal/torrent" name="TestTimings_CompleteRecord_WebseedSource" time="0.000000"></testcase>
		<testcase classname="github.com/Apollogeddon/distribyted/internal/torrent" name="TestTimings_SourceAttribution_PeerAndBoth/peer_only" time="0.000000"></testcase>
		<testcase classname="github.com/Apollogeddon/distribyted/internal/torrent" name="TestTimings_SourceAttribution_PeerAndBoth/both" time="0.000000"></testcase>
		<testcase classname="github.com/Apollogeddon/distribyted/internal/torrent" name="TestTimings_SourceAttribution_PeerAndBoth" time="0.000000"></testcase>
		<testcase classname="github.com/Apollogeddon/distribyted/internal/torrent" name="TestTimings_Watchdog_EmitsIncompleteAndStopsPolling" time="0.000000"></testcase>
		<testcase classname="github.com/Apollogeddon/distribyted/internal/torrent" name="TestTimings_LateMetadata" time="0.000000"></testcase>
		<testcase classname="github.com/Apollogeddon/distribyted/internal/torrent" name="TestTimings_GotInfo_SetsImmediatelyWithoutWaitingForPoll" time="0.000000"></testcase>
		<testcase classname="github.com/Apollogeddon/distribyted/internal/torrent" name="TestTimings_UntrackedHashesNeverAllocate" time="0.000000"></testcase>
		<testcase classname="github.com/Apollogeddon/distribyted/internal/torrent" name="TestTimings_Forget_Deletes" time="0.000000"></testcase>
		<testcase classname="github.com/Apollogeddon/distribyted/internal/torrent" name="TestTimings_FirstRead_LevelByThreshold" time="0.000000"></testcase>
		<testcase classname="github.com/Apollogeddon/distribyted/internal/torrent" name="TestTimings_NilReceiverIsNoop" time="0.000000"></testcase>
		<testcase classname="github.com/Apollogeddon/distribyted/internal/torrent" name="TestTimings_CloseStopsPoller" time="0.000000"></testcase>
		<testcase classname="github.com/Apollogeddon/distribyted/internal/torrent" name="TestWebseedCount" time="0.000000"></testcase>
	</testsuite>
	<testsuite tests="5" failures="0" time="1.076000" name="github.com/Apollogeddon/distribyted/internal/torrent/loader" timestamp="2026-10-09T07:16:36Z">
		<properties>
			<property name="go.version" value="go1.27.0 linux/amd64"></property>
		</properties>
		<testcase classname="github.com/Apollogeddon/distribyted/internal/torrent/loader" name="TestDB" time="0.020000"></testcase>
		<testcase classname="github.com/Apollogeddon/distribyted/internal/torrent/loader" name="TestDB_Links" time="0.020000"></testcase>
		<testcase classname="github.com/Apollogeddon/distribyted/internal/torrent/loader" name="TestFolder_ListTorrentPaths" time="0.000000"></testcase>
		<testcase classname="github.com/Apollogeddon/distribyted/internal/torrent/loader" name="TestFolder_ListMagnets" time="0.000000"></testcase>
		<testcase classname="github.com/Apollogeddon/distribyted/internal/torrent/loader" name="TestConfigLoader" time="0.000000"></testcase>
	</testsuite>
	<testsuite tests="7" failures="0" time="1.043000" name="github.com/Apollogeddon/distribyted/internal/webdav" timestamp="2026-10-09T07:16:38Z">
		<properties>
			<property name="go.version" value="go1.27.0 linux/amd64"></property>
		</properties>
		<testcase classname="github.com/Apollogeddon/distribyted/internal/webdav" name="TestNewWebDAVServer" time="0.000000"></testcase>
		<testcase classname="github.com/Apollogeddon/distribyted/internal/webdav" name="TestNewWebDAVHandler_UnsetCredentialsFailClosed" time="0.000000"></testcase>
		<testcase classname="github.com/Apollogeddon/distribyted/internal/webdav" name="TestNewWebDAVServerWithListener" time="0.000000"></testcase>
		<testcase classname="github.com/Apollogeddon/distribyted/internal/webdav" name="TestWebDAVFilesystem_NotFound" time="0.000000"></testcase>
		<testcase classname="github.com/Apollogeddon/distribyted/internal/webdav" name="TestNewHandler" time="0.000000"></testcase>
		<testcase classname="github.com/Apollogeddon/distribyted/internal/webdav" name="TestMkdirRemoveRename" time="0.000000"></testcase>
		<testcase classname="github.com/Apollogeddon/distribyted/internal/webdav" name="TestWebDAVFilesystem" time="0.000000"></testcase>
	</testsuite>
	<testsuite tests="0" failures="0" time="0.000000" name="github.com/Apollogeddon/distribyted/web" timestamp="2026-10-09T07:16:39Z">
		<properties>
			<property name="go.version" value="go1.27.0 linux/amd64"></property>
		</properties>
	</testsuite>
</testsuites>